// Jest Snapshot v1, https://goo.gl/fbAQLP

exports[`ReportNavBar should render as expected 1`] = `
ShallowWrapper {
  Symbol(enzyme.__root__): [Circular],
  Symbol(enzyme.__unrendered__): <ReportNavBar />,
  Symbol(enzyme.__renderer__): Object {
    "batchedUpdates": [Function],
    "checkPropTypes": [Function],
    "getNode": [Function],
    "render": [Function],
    "simulateError": [Function],
    "simulateEvent": [Function],
    "unmount": [Function],
  },
  Symbol(enzyme.__node__): Object {
    "instance": null,
    "key": undefined,
    "nodeType": "host",
    "props": Object {
      "children": <div
        className="report-navbar"
      >
        <p>
          View:
        </p>
        <svg
          className="view-button"
          fill="none"
          stroke="none"
          strokeLinecap="square"
          strokeMiterlimit="10"
          version="1.1"
          viewBox="0.0 0.0 960.0 720.0"
          xmlns="http://www.w3.org/2000/svg"
          xmlnsXlink="http://www.w3.org/1999/xlink"
        >
          <clipPath
            id="p.0"
          >
            <path
              clipRule="nonzero"
              d="m0 0l960.0 0l0 720.0l-960.0 0l0 -720.0z"
            />
          </clipPath>
          <g
            clipPath="url(#p.0)"
          >
            <path
              d="m0 0l960.0 0l0 720.0l-960.0 0z"
              fill="#000000"
              fillOpacity="0.0"
              fillRule="evenodd"
            />
            <path
              d="m243.45009 -0.17608136l-242.82036 0l0 194.1241l242.82036 0z"
              fill="#000000"
              fillRule="evenodd"
            />
            <path
              d="m243.45009 -0.17608136l-242.82036 0l0 194.1241l242.82036 0z"
              fillRule="evenodd"
              stroke="#000000"
              strokeLinecap="butt"
              strokeLinejoin="round"
              strokeWidth="1.0"
            />
            <path
              d="m601.4111 -0.17608136l-242.82034 0l0 194.1241l242.82034 0z"
              fill="#000000"
              fillRule="evenodd"
            />
            <path
              d="m601.4111 -0.17608136l-242.82034 0l0 194.1241l242.82034 0z"
              fillRule="evenodd"
              stroke="#000000"
              strokeLinecap="butt"
              strokeLinejoin="round"
              strokeWidth="1.0"
            />
            <path
              d="m959.372 -0.17608136l-242.82031 0l0 194.1241l242.82031 0z"
              fill="#000000"
              fillRule="evenodd"
            />
            <path
              d="m959.372 -0.17608136l-242.82031 0l0 194.1241l242.82031 0z"
              fillRule="evenodd"
              stroke="#000000"
              strokeLinecap="butt"
              strokeLinejoin="round"
              strokeWidth="1.0"
            />
            <path
              d="m243.45009 262.47488l-242.82036 0l0 194.12408l242.82036 0z"
              fill="#000000"
              fillRule="evenodd"
            />
            <path
              d="m243.45009 262.47488l-242.82036 0l0 194.12408l242.82036 0z"
              fillRule="evenodd"
              stroke="#000000"
              strokeLinecap="butt"
              strokeLinejoin="round"
              strokeWidth="1.0"
            />
            <path
              d="m601.4111 262.47488l-242.82034 0l0 194.12408l242.82034 0z"
              fill="#000000"
              fillRule="evenodd"
            />
            <path
              d="m601.4111 262.47488l-242.82034 0l0 194.12408l242.82034 0z"
              fillRule="evenodd"
              stroke="#000000"
              strokeLinecap="butt"
              strokeLinejoin="round"
              strokeWidth="1.0"
            />
            <path
              d="m959.372 262.47488l-242.82031 0l0 194.12408l242.82031 0z"
              fill="#000000"
              fillRule="evenodd"
            />
            <path
              d="m959.372 262.47488l-242.82031 0l0 194.12408l242.82031 0z"
              fillRule="evenodd"
              stroke="#000000"
              strokeLinecap="butt"
              strokeLinejoin="round"
              strokeWidth="1.0"
            />
            <path
              d="m243.45009 525.12585l-242.82036 0l0 194.12408l242.82036 0z"
              fill="#000000"
              fillRule="evenodd"
            />
            <path
              d="m243.45009 525.12585l-242.82036 0l0 194.12408l242.82036 0z"
              fillRule="evenodd"
              stroke="#000000"
              strokeLinecap="butt"
              strokeLinejoin="round"
              strokeWidth="1.0"
            />
            <path
              d="m602.9698 525.1262l-242.82031 0l0 196.35175l242.82031 0z"
              fill="#000000"
              fillRule="evenodd"
            />
            <path
              d="m602.9698 525.1262l-242.82031 0l0 196.35175l242.82031 0z"
              fillRule="evenodd"
              stroke="#000000"
              strokeLinecap="butt"
              strokeLinejoin="round"
              strokeWidth="1.0"
            />
            <path
              d="m959.372 525.12585l-242.82031 0l0 194.12408l242.82031 0z"
              fill="#000000"
              fillRule="evenodd"
            />
            <path
              d="m959.372 525.12585l-242.82031 0l0 194.12408l242.82031 0z"
              fillRule="evenodd"
              stroke="#000000"
              strokeLinecap="butt"
              strokeLinejoin="round"
              strokeWidth="1.0"
            />
          </g>
        </svg>
        <svg
          className="view-button"
          height="512pt"
          viewBox="0 -52 512.00001 512"
          width="512pt"
          xmlns="http://www.w3.org/2000/svg"
        >
          <path
            d="m0 113.292969h113.292969v-113.292969h-113.292969zm30.003906-83.289063h53.289063v53.289063h-53.289063zm0 0"
          />
          <path
            d="m149.296875 0v113.292969h362.703125v-113.292969zm332.699219 83.292969h-302.695313v-53.289063h302.695313zm0 0"
          />
          <path
            d="m0 260.300781h113.292969v-113.292969h-113.292969zm30.003906-83.292969h53.289063v53.289063h-53.289063zm0 0"
          />
          <path
            d="m149.296875 260.300781h362.703125v-113.292969h-362.703125zm30.003906-83.292969h302.695313v53.289063h-302.695313zm0 0"
          />
          <path
            d="m0 407.308594h113.292969v-113.296875h-113.292969zm30.003906-83.292969h53.289063v53.289063h-53.289063zm0 0"
          />
          <path
            d="m149.296875 407.308594h362.703125v-113.296875h-362.703125zm30.003906-83.292969h302.695313v53.289063h-302.695313zm0 0"
          />
        </svg>
        <FilterComponent />
      </div>,
      "className": "report-navbar-container",
    },
    "ref": null,
    "rendered": Object {
      "instance": null,
      "key": undefined,
      "nodeType": "host",
      "props": Object {
        "children": Array [
          <p>
            View:
          </p>,
          <svg
            className="view-button"
            fill="none"
            stroke="none"
            strokeLinecap="square"
            strokeMiterlimit="10"
            version="1.1"
            viewBox="0.0 0.0 960.0 720.0"
            xmlns="http://www.w3.org/2000/svg"
            xmlnsXlink="http://www.w3.org/1999/xlink"
          >
            <clipPath
              id="p.0"
            >
              <path
                clipRule="nonzero"
                d="m0 0l960.0 0l0 720.0l-960.0 0l0 -720.0z"
              />
            </clipPath>
            <g
              clipPath="url(#p.0)"
            >
              <path
                d="m0 0l960.0 0l0 720.0l-960.0 0z"
                fill="#000000"
                fillOpacity="0.0"
                fillRule="evenodd"
              />
              <path
                d="m243.45009 -0.17608136l-242.82036 0l0 194.1241l242.82036 0z"
                fill="#000000"
                fillRule="evenodd"
              />
              <path
                d="m243.45009 -0.17608136l-242.82036 0l0 194.1241l242.82036 0z"
                fillRule="evenodd"
                stroke="#000000"
                strokeLinecap="butt"
                strokeLinejoin="round"
                strokeWidth="1.0"
              />
              <path
                d="m601.4111 -0.17608136l-242.82034 0l0 194.1241l242.82034 0z"
                fill="#000000"
                fillRule="evenodd"
              />
              <path
                d="m601.4111 -0.17608136l-242.82034 0l0 194.1241l242.82034 0z"
                fillRule="evenodd"
                stroke="#000000"
                strokeLinecap="butt"
                strokeLinejoin="round"
                strokeWidth="1.0"
              />
              <path
                d="m959.372 -0.17608136l-242.82031 0l0 194.1241l242.82031 0z"
                fill="#000000"
                fillRule="evenodd"
              />
              <path
                d="m959.372 -0.17608136l-242.82031 0l0 194.1241l242.82031 0z"
                fillRule="evenodd"
                stroke="#000000"
                strokeLinecap="butt"
                strokeLinejoin="round"
                strokeWidth="1.0"
              />
              <path
                d="m243.45009 262.47488l-242.82036 0l0 194.12408l242.82036 0z"
                fill="#000000"
                fillRule="evenodd"
              />
              <path
                d="m243.45009 262.47488l-242.82036 0l0 194.12408l242.82036 0z"
                fillRule="evenodd"
                stroke="#000000"
                strokeLinecap="butt"
                strokeLinejoin="round"
                strokeWidth="1.0"
              />
              <path
                d="m601.4111 262.47488l-242.82034 0l0 194.12408l242.82034 0z"
                fill="#000000"
                fillRule="evenodd"
              />
              <path
                d="m601.4111 262.47488l-242.82034 0l0 194.12408l242.82034 0z"
                fillRule="evenodd"
                stroke="#000000"
                strokeLinecap="butt"
                strokeLinejoin="round"
                strokeWidth="1.0"
              />
              <path
                d="m959.372 262.47488l-242.82031 0l0 194.12408l242.82031 0z"
                fill="#000000"
                fillRule="evenodd"
              />
              <path
                d="m959.372 262.47488l-242.82031 0l0 194.12408l242.82031 0z"
                fillRule="evenodd"
                stroke="#000000"
                strokeLinecap="butt"
                strokeLinejoin="round"
                strokeWidth="1.0"
              />
              <path
                d="m243.45009 525.12585l-242.82036 0l0 194.12408l242.82036 0z"
                fill="#000000"
                fillRule="evenodd"
              />
              <path
                d="m243.45009 525.12585l-242.82036 0l0 194.12408l242.82036 0z"
                fillRule="evenodd"
                stroke="#000000"
                strokeLinecap="butt"
                strokeLinejoin="round"
                strokeWidth="1.0"
              />
              <path
                d="m602.9698 525.1262l-242.82031 0l0 196.35175l242.82031 0z"
                fill="#000000"
                fillRule="evenodd"
              />
              <path
                d="m602.9698 525.1262l-242.82031 0l0 196.35175l242.82031 0z"
                fillRule="evenodd"
                stroke="#000000"
                strokeLinecap="butt"
                strokeLinejoin="round"
                strokeWidth="1.0"
              />
              <path
                d="m959.372 525.12585l-242.82031 0l0 194.12408l242.82031 0z"
                fill="#000000"
                fillRule="evenodd"
              />
              <path
                d="m959.372 525.12585l-242.82031 0l0 194.12408l242.82031 0z"
                fillRule="evenodd"
                stroke="#000000"
                strokeLinecap="butt"
                strokeLinejoin="round"
                strokeWidth="1.0"
              />
            </g>
          </svg>,
          <svg
            className="view-button"
            height="512pt"
            viewBox="0 -52 512.00001 512"
            width="512pt"
            xmlns="http://www.w3.org/2000/svg"
          >
            <path
              d="m0 113.292969h113.292969v-113.292969h-113.292969zm30.003906-83.289063h53.289063v53.289063h-53.289063zm0 0"
            />
            <path
              d="m149.296875 0v113.292969h362.703125v-113.292969zm332.699219 83.292969h-302.695313v-53.289063h302.695313zm0 0"
            />
            <path
              d="m0 260.300781h113.292969v-113.292969h-113.292969zm30.003906-83.292969h53.289063v53.289063h-53.289063zm0 0"
            />
            <path
              d="m149.296875 260.300781h362.703125v-113.292969h-362.703125zm30.003906-83.292969h302.695313v53.289063h-302.695313zm0 0"
            />
            <path
              d="m0 407.308594h113.292969v-113.296875h-113.292969zm30.003906-83.292969h53.289063v53.289063h-53.289063zm0 0"
            />
            <path
              d="m149.296875 407.308594h362.703125v-113.296875h-362.703125zm30.003906-83.292969h302.695313v53.289063h-302.695313zm0 0"
            />
          </svg>,
          <FilterComponent />,
        ],
        "className": "report-navbar",
      },
      "ref": null,
      "rendered": Array [
        Object {
          "instance": null,
          "key": undefined,
          "nodeType": "host",
          "props": Object {
            "children": "View:",
          },
          "ref": null,
          "rendered": "View:",
          "type": "p",
        },
        Object {
          "instance": null,
          "key": undefined,
          "nodeType": "host",
          "props": Object {
            "children": Array [
              <clipPath
                id="p.0"
              >
                <path
                  clipRule="nonzero"
                  d="m0 0l960.0 0l0 720.0l-960.0 0l0 -720.0z"
                />
              </clipPath>,
              <g
                clipPath="url(#p.0)"
              >
                <path
                  d="m0 0l960.0 0l0 720.0l-960.0 0z"
                  fill="#000000"
                  fillOpacity="0.0"
                  fillRule="evenodd"
                />
                <path
                  d="m243.45009 -0.17608136l-242.82036 0l0 194.1241l242.82036 0z"
                  fill="#000000"
                  fillRule="evenodd"
                />
                <path
                  d="m243.45009 -0.17608136l-242.82036 0l0 194.1241l242.82036 0z"
                  fillRule="evenodd"
                  stroke="#000000"
                  strokeLinecap="butt"
                  strokeLinejoin="round"
                  strokeWidth="1.0"
                />
                <path
                  d="m601.4111 -0.17608136l-242.82034 0l0 194.1241l242.82034 0z"
                  fill="#000000"
                  fillRule="evenodd"
                />
                <path
                  d="m601.4111 -0.17608136l-242.82034 0l0 194.1241l242.82034 0z"
                  fillRule="evenodd"
                  stroke="#000000"
                  strokeLinecap="butt"
                  strokeLinejoin="round"
                  strokeWidth="1.0"
                />
                <path
                  d="m959.372 -0.17608136l-242.82031 0l0 194.1241l242.82031 0z"
                  fill="#000000"
                  fillRule="evenodd"
                />
                <path
                  d="m959.372 -0.17608136l-242.82031 0l0 194.1241l242.82031 0z"
                  fillRule="evenodd"
                  stroke="#000000"
                  strokeLinecap="butt"
                  strokeLinejoin="round"
                  strokeWidth="1.0"
                />
                <path
                  d="m243.45009 262.47488l-242.82036 0l0 194.12408l242.82036 0z"
                  fill="#000000"
                  fillRule="evenodd"
                />
                <path
                  d="m243.45009 262.47488l-242.82036 0l0 194.12408l242.82036 0z"
                  fillRule="evenodd"
                  stroke="#000000"
                  strokeLinecap="butt"
                  strokeLinejoin="round"
                  strokeWidth="1.0"
                />
                <path
                  d="m601.4111 262.47488l-242.82034 0l0 194.12408l242.82034 0z"
                  fill="#000000"
                  fillRule="evenodd"
                />
                <path
                  d="m601.4111 262.47488l-242.82034 0l0 194.12408l242.82034 0z"
                  fillRule="evenodd"
                  stroke="#000000"
                  strokeLinecap="butt"
                  strokeLinejoin="round"
                  strokeWidth="1.0"
                />
                <path
                  d="m959.372 262.47488l-242.82031 0l0 194.12408l242.82031 0z"
                  fill="#000000"
                  fillRule="evenodd"
                />
                <path
                  d="m959.372 262.47488l-242.82031 0l0 194.12408l242.82031 0z"
                  fillRule="evenodd"
                  stroke="#000000"
                  strokeLinecap="butt"
                  strokeLinejoin="round"
                  strokeWidth="1.0"
                />
                <path
                  d="m243.45009 525.12585l-242.82036 0l0 194.12408l242.82036 0z"
                  fill="#000000"
                  fillRule="evenodd"
                />
                <path
                  d="m243.45009 525.12585l-242.82036 0l0 194.12408l242.82036 0z"
                  fillRule="evenodd"
                  stroke="#000000"
                  strokeLinecap="butt"
                  strokeLinejoin="round"
                  strokeWidth="1.0"
                />
                <path
                  d="m602.9698 525.1262l-242.82031 0l0 196.35175l242.82031 0z"
                  fill="#000000"
                  fillRule="evenodd"
                />
                <path
                  d="m602.9698 525.1262l-242.82031 0l0 196.35175l242.82031 0z"
                  fillRule="evenodd"
                  stroke="#000000"
                  strokeLinecap="butt"
                  strokeLinejoin="round"
                  strokeWidth="1.0"
                />
                <path
                  d="m959.372 525.12585l-242.82031 0l0 194.12408l242.82031 0z"
                  fill="#000000"
                  fillRule="evenodd"
                />
                <path
                  d="m959.372 525.12585l-242.82031 0l0 194.12408l242.82031 0z"
                  fillRule="evenodd"
                  stroke="#000000"
                  strokeLinecap="butt"
                  strokeLinejoin="round"
                  strokeWidth="1.0"
                />
              </g>,
            ],
            "className": "view-button",
            "fill": "none",
            "stroke": "none",
            "strokeLinecap": "square",
            "strokeMiterlimit": "10",
            "version": "1.1",
            "viewBox": "0.0 0.0 960.0 720.0",
            "xmlns": "http://www.w3.org/2000/svg",
            "xmlnsXlink": "http://www.w3.org/1999/xlink",
          },
          "ref": null,
          "rendered": Array [
            Object {
              "instance": null,
              "key": undefined,
              "nodeType": "host",
              "props": Object {
                "children": <path
                  clipRule="nonzero"
                  d="m0 0l960.0 0l0 720.0l-960.0 0l0 -720.0z"
                />,
                "id": "p.0",
              },
              "ref": null,
              "rendered": Object {
                "instance": null,
                "key": undefined,
                "nodeType": "host",
                "props": Object {
                  "clipRule": "nonzero",
                  "d": "m0 0l960.0 0l0 720.0l-960.0 0l0 -720.0z",
                },
                "ref": null,
                "rendered": null,
                "type": "path",
              },
              "type": "clipPath",
            },
            Object {
              "instance": null,
              "key": undefined,
              "nodeType": "host",
              "props": Object {
                "children": Array [
                  <path
                    d="m0 0l960.0 0l0 720.0l-960.0 0z"
                    fill="#000000"
                    fillOpacity="0.0"
                    fillRule="evenodd"
                  />,
                  <path
                    d="m243.45009 -0.17608136l-242.82036 0l0 194.1241l242.82036 0z"
                    fill="#000000"
                    fillRule="evenodd"
                  />,
                  <path
                    d="m243.45009 -0.17608136l-242.82036 0l0 194.1241l242.82036 0z"
                    fillRule="evenodd"
                    stroke="#000000"
                    strokeLinecap="butt"
                    strokeLinejoin="round"
                    strokeWidth="1.0"
                  />,
                  <path
                    d="m601.4111 -0.17608136l-242.82034 0l0 194.1241l242.82034 0z"
                    fill="#000000"
                    fillRule="evenodd"
                  />,
                  <path
                    d="m601.4111 -0.17608136l-242.82034 0l0 194.1241l242.82034 0z"
                    fillRule="evenodd"
                    stroke="#000000"
                    strokeLinecap="butt"
                    strokeLinejoin="round"
                    strokeWidth="1.0"
                  />,
                  <path
                    d="m959.372 -0.17608136l-242.82031 0l0 194.1241l242.82031 0z"
                    fill="#000000"
                    fillRule="evenodd"
                  />,
                  <path
                    d="m959.372 -0.17608136l-242.82031 0l0 194.1241l242.82031 0z"
                    fillRule="evenodd"
                    stroke="#000000"
                    strokeLinecap="butt"
                    strokeLinejoin="round"
                    strokeWidth="1.0"
                  />,
                  <path
                    d="m243.45009 262.47488l-242.82036 0l0 194.12408l242.82036 0z"
                    fill="#000000"
                    fillRule="evenodd"
                  />,
                  <path
                    d="m243.45009 262.47488l-242.82036 0l0 194.12408l242.82036 0z"
                    fillRule="evenodd"
                    stroke="#000000"
                    strokeLinecap="butt"
                    strokeLinejoin="round"
                    strokeWidth="1.0"
                  />,
                  <path
                    d="m601.4111 262.47488l-242.82034 0l0 194.12408l242.82034 0z"
                    fill="#000000"
                    fillRule="evenodd"
                  />,
                  <path
                    d="m601.4111 262.47488l-242.82034 0l0 194.12408l242.82034 0z"
                    fillRule="evenodd"
                    stroke="#000000"
                    strokeLinecap="butt"
                    strokeLinejoin="round"
                    strokeWidth="1.0"
                  />,
                  <path
                    d="m959.372 262.47488l-242.82031 0l0 194.12408l242.82031 0z"
                    fill="#000000"
                    fillRule="evenodd"
                  />,
                  <path
                    d="m959.372 262.47488l-242.82031 0l0 194.12408l242.82031 0z"
                    fillRule="evenodd"
                    stroke="#000000"
                    strokeLinecap="butt"
                    strokeLinejoin="round"
                    strokeWidth="1.0"
                  />,
                  <path
                    d="m243.45009 525.12585l-242.82036 0l0 194.12408l242.82036 0z"
                    fill="#000000"
                    fillRule="evenodd"
                  />,
                  <path
                    d="m243.45009 525.12585l-242.82036 0l0 194.12408l242.82036 0z"
                    fillRule="evenodd"
                    stroke="#000000"
                    strokeLinecap="butt"
                    strokeLinejoin="round"
                    strokeWidth="1.0"
                  />,
                  <path
                    d="m602.9698 525.1262l-242.82031 0l0 196.35175l242.82031 0z"
                    fill="#000000"
                    fillRule="evenodd"
                  />,
                  <path
                    d="m602.9698 525.1262l-242.82031 0l0 196.35175l242.82031 0z"
                    fillRule="evenodd"
                    stroke="#000000"
                    strokeLinecap="butt"
                    strokeLinejoin="round"
                    strokeWidth="1.0"
                  />,
                  <path
                    d="m959.372 525.12585l-242.82031 0l0 194.12408l242.82031 0z"
                    fill="#000000"
                    fillRule="evenodd"
                  />,
                  <path
                    d="m959.372 525.12585l-242.82031 0l0 194.12408l242.82031 0z"
                    fillRule="evenodd"
                    stroke="#000000"
                    strokeLinecap="butt"
                    strokeLinejoin="round"
                    strokeWidth="1.0"
                  />,
                ],
                "clipPath": "url(#p.0)",
              },
              "ref": null,
              "rendered": Array [
                Object {
                  "instance": null,
                  "key": undefined,
                  "nodeType": "host",
                  "props": Object {
                    "d": "m0 0l960.0 0l0 720.0l-960.0 0z",
                    "fill": "#000000",
                    "fillOpacity": "0.0",
                    "fillRule": "evenodd",
                  },
                  "ref": null,
                  "rendered": null,
                  "type": "path",
                },
                Object {
                  "instance": null,
                  "key": undefined,
                  "nodeType": "host",
                  "props": Object {
                    "d": "m243.45009 -0.17608136l-242.82036 0l0 194.1241l242.82036 0z",
                    "fill": "#000000",
                    "fillRule": "evenodd",
                  },
                  "ref": null,
                  "rendered": null,
                  "type": "path",
                },
                Object {
                  "instance": null,
                  "key": undefined,
                  "nodeType": "host",
                  "props": Object {
                    "d": "m243.45009 -0.17608136l-242.82036 0l0 194.1241l242.82036 0z",
                    "fillRule": "evenodd",
                    "stroke": "#000000",
                    "strokeLinecap": "butt",
                    "strokeLinejoin": "round",
                    "strokeWidth": "1.0",
                  },
                  "ref": null,
                  "rendered": null,
                  "type": "path",
                },
                Object {
                  "instance": null,
                  "key": undefined,
                  "nodeType": "host",
                  "props": Object {
                    "d": "m601.4111 -0.17608136l-242.82034 0l0 194.1241l242.82034 0z",
                    "fill": "#000000",
                    "fillRule": "evenodd",
                  },
                  "ref": null,
                  "rendered": null,
                  "type": "path",
                },
                Object {
                  "instance": null,
                  "key": undefined,
                  "nodeType": "host",
                  "props": Object {
                    "d": "m601.4111 -0.17608136l-242.82034 0l0 194.1241l242.82034 0z",
                    "fillRule": "evenodd",
                    "stroke": "#000000",
                    "strokeLinecap": "butt",
                    "strokeLinejoin": "round",
                    "strokeWidth": "1.0",
                  },
                  "ref": null,
                  "rendered": null,
                  "type": "path",
                },
                Object {
                  "instance": null,
                  "key": undefined,
                  "nodeType": "host",
                  "props": Object {
                    "d": "m959.372 -0.17608136l-242.82031 0l0 194.1241l242.82031 0z",
                    "fill": "#000000",
                    "fillRule": "evenodd",
                  },
                  "ref": null,
                  "rendered": null,
                  "type": "path",
                },
                Object {
                  "instance": null,
                  "key": undefined,
                  "nodeType": "host",
                  "props": Object {
                    "d": "m959.372 -0.17608136l-242.82031 0l0 194.1241l242.82031 0z",
                    "fillRule": "evenodd",
                    "stroke": "#000000",
                    "strokeLinecap": "butt",
                    "strokeLinejoin": "round",
                    "strokeWidth": "1.0",
                  },
                  "ref": null,
                  "rendered": null,
                  "type": "path",
                },
                Object {
                  "instance": null,
                  "key": undefined,
                  "nodeType": "host",
                  "props": Object {
                    "d": "m243.45009 262.47488l-242.82036 0l0 194.12408l242.82036 0z",
                    "fill": "#000000",
                    "fillRule": "evenodd",
                  },
                  "ref": null,
                  "rendered": null,
                  "type": "path",
                },
                Object {
                  "instance": null,
                  "key": undefined,
                  "nodeType": "host",
                  "props": Object {
                    "d": "m243.45009 262.47488l-242.82036 0l0 194.12408l242.82036 0z",
                    "fillRule": "evenodd",
                    "stroke": "#000000",
                    "strokeLinecap": "butt",
                    "strokeLinejoin": "round",
                    "strokeWidth": "1.0",
                  },
                  "ref": null,
                  "rendered": null,
                  "type": "path",
                },
                Object {
                  "instance": null,
                  "key": undefined,
                  "nodeType": "host",
                  "props": Object {
                    "d": "m601.4111 262.47488l-242.82034 0l0 194.12408l242.82034 0z",
                    "fill": "#000000",
                    "fillRule": "evenodd",
                  },
                  "ref": null,
                  "rendered": null,
                  "type": "path",
                },
                Object {
                  "instance": null,
                  "key": undefined,
                  "nodeType": "host",
                  "props": Object {
                    "d": "m601.4111 262.47488l-242.82034 0l0 194.12408l242.82034 0z",
                    "fillRule": "evenodd",
                    "stroke": "#000000",
                    "strokeLinecap": "butt",
                    "strokeLinejoin": "round",
                    "strokeWidth": "1.0",
                  },
                  "ref": null,
                  "rendered": null,
                  "type": "path",
                },
                Object {
                  "instance": null,
                  "key": undefined,
                  "nodeType": "host",
                  "props": Object {
                    "d": "m959.372 262.47488l-242.82031 0l0 194.12408l242.82031 0z",
                    "fill": "#000000",
                    "fillRule": "evenodd",
                  },
                  "ref": null,
                  "rendered": null,
                  "type": "path",
                },
                Object {
                  "instance": null,
                  "key": undefined,
                  "nodeType": "host",
                  "props": Object {
                    "d": "m959.372 262.47488l-242.82031 0l0 194.12408l242.82031 0z",
                    "fillRule": "evenodd",
                    "stroke": "#000000",
                    "strokeLinecap": "butt",
                    "strokeLinejoin": "round",
                    "strokeWidth": "1.0",
                  },
                  "ref": null,
                  "rendered": null,
                  "type": "path",
                },
                Object {
                  "instance": null,
                  "key": undefined,
                  "nodeType": "host",
                  "props": Object {
                    "d": "m243.45009 525.12585l-242.82036 0l0 194.12408l242.82036 0z",
                    "fill": "#000000",
                    "fillRule": "evenodd",
                  },
                  "ref": null,
                  "rendered": null,
                  "type": "path",
                },
                Object {
                  "instance": null,
                  "key": undefined,
                  "nodeType": "host",
                  "props": Object {
                    "d": "m243.45009 525.12585l-242.82036 0l0 194.12408l242.82036 0z",
                    "fillRule": "evenodd",
                    "stroke": "#000000",
                    "strokeLinecap": "butt",
                    "strokeLinejoin": "round",
                    "strokeWidth": "1.0",
                  },
                  "ref": null,
                  "rendered": null,
                  "type": "path",
                },
                Object {
                  "instance": null,
                  "key": undefined,
                  "nodeType": "host",
                  "props": Object {
                    "d": "m602.9698 525.1262l-242.82031 0l0 196.35175l242.82031 0z",
                    "fill": "#000000",
                    "fillRule": "evenodd",
                  },
                  "ref": null,
                  "rendered": null,
                  "type": "path",
                },
                Object {
                  "instance": null,
                  "key": undefined,
                  "nodeType": "host",
                  "props": Object {
                    "d": "m602.9698 525.1262l-242.82031 0l0 196.35175l242.82031 0z",
                    "fillRule": "evenodd",
                    "stroke": "#000000",
                    "strokeLinecap": "butt",
                    "strokeLinejoin": "round",
                    "strokeWidth": "1.0",
                  },
                  "ref": null,
                  "rendered": null,
                  "type": "path",
                },
                Object {
                  "instance": null,
                  "key": undefined,
                  "nodeType": "host",
                  "props": Object {
                    "d": "m959.372 525.12585l-242.82031 0l0 194.12408l242.82031 0z",
                    "fill": "#000000",
                    "fillRule": "evenodd",
                  },
                  "ref": null,
                  "rendered": null,
                  "type": "path",
                },
                Object {
                  "instance": null,
                  "key": undefined,
                  "nodeType": "host",
                  "props": Object {
                    "d": "m959.372 525.12585l-242.82031 0l0 194.12408l242.82031 0z",
                    "fillRule": "evenodd",
                    "stroke": "#000000",
                    "strokeLinecap": "butt",
                    "strokeLinejoin": "round",
                    "strokeWidth": "1.0",
                  },
                  "ref": null,
                  "rendered": null,
                  "type": "path",
                },
              ],
              "type": "g",
            },
          ],
          "type": "svg",
        },
        Object {
          "instance": null,
          "key": undefined,
          "nodeType": "host",
          "props": Object {
            "children": Array [
              <path
                d="m0 113.292969h113.292969v-113.292969h-113.292969zm30.003906-83.289063h53.289063v53.289063h-53.289063zm0 0"
              />,
              <path
                d="m149.296875 0v113.292969h362.703125v-113.292969zm332.699219 83.292969h-302.695313v-53.289063h302.695313zm0 0"
              />,
              <path
                d="m0 260.300781h113.292969v-113.292969h-113.292969zm30.003906-83.292969h53.289063v53.289063h-53.289063zm0 0"
              />,
              <path
                d="m149.296875 260.300781h362.703125v-113.292969h-362.703125zm30.003906-83.292969h302.695313v53.289063h-302.695313zm0 0"
              />,
              <path
                d="m0 407.308594h113.292969v-113.296875h-113.292969zm30.003906-83.292969h53.289063v53.289063h-53.289063zm0 0"
              />,
              <path
                d="m149.296875 407.308594h362.703125v-113.296875h-362.703125zm30.003906-83.292969h302.695313v53.289063h-302.695313zm0 0"
              />,
            ],
            "className": "view-button",
            "height": "512pt",
            "viewBox": "0 -52 512.00001 512",
            "width": "512pt",
            "xmlns": "http://www.w3.org/2000/svg",
          },
          "ref": null,
          "rendered": Array [
            Object {
              "instance": null,
              "key": undefined,
              "nodeType": "host",
              "props": Object {
                "d": "m0 113.292969h113.292969v-113.292969h-113.292969zm30.003906-83.289063h53.289063v53.289063h-53.289063zm0 0",
              },
              "ref": null,
              "rendered": null,
              "type": "path",
            },
            Object {
              "instance": null,
              "key": undefined,
              "nodeType": "host",
              "props": Object {
                "d": "m149.296875 0v113.292969h362.703125v-113.292969zm332.699219 83.292969h-302.695313v-53.289063h302.695313zm0 0",
              },
              "ref": null,
              "rendered": null,
              "type": "path",
            },
            Object {
              "instance": null,
              "key": undefined,
              "nodeType": "host",
              "props": Object {
                "d": "m0 260.300781h113.292969v-113.292969h-113.292969zm30.003906-83.292969h53.289063v53.289063h-53.289063zm0 0",
              },
              "ref": null,
              "rendered": null,
              "type": "path",
            },
            Object {
              "instance": null,
              "key": undefined,
              "nodeType": "host",
              "props": Object {
                "d": "m149.296875 260.300781h362.703125v-113.292969h-362.703125zm30.003906-83.292969h302.695313v53.289063h-302.695313zm0 0",
              },
              "ref": null,
              "rendered": null,
              "type": "path",
            },
            Object {
              "instance": null,
              "key": undefined,
              "nodeType": "host",
              "props": Object {
                "d": "m0 407.308594h113.292969v-113.296875h-113.292969zm30.003906-83.292969h53.289063v53.289063h-53.289063zm0 0",
              },
              "ref": null,
              "rendered": null,
              "type": "path",
            },
            Object {
              "instance": null,
              "key": undefined,
              "nodeType": "host",
              "props": Object {
                "d": "m149.296875 407.308594h362.703125v-113.296875h-362.703125zm30.003906-83.292969h302.695313v53.289063h-302.695313zm0 0",
              },
              "ref": null,
              "rendered": null,
              "type": "path",
            },
          ],
          "type": "svg",
        },
        Object {
          "instance": null,
          "key": undefined,
          "nodeType": "class",
          "props": Object {},
          "ref": null,
          "rendered": null,
          "type": [Function],
        },
      ],
      "type": "div",
    },
    "type": "div",
  },
  Symbol(enzyme.__nodes__): Array [
    Object {
      "instance": null,
      "key": undefined,
      "nodeType": "host",
      "props": Object {
        "children": <div
          className="report-navbar"
        >
          <p>
            View:
          </p>
          <svg
            className="view-button"
            fill="none"
            stroke="none"
            strokeLinecap="square"
            strokeMiterlimit="10"
            version="1.1"
            viewBox="0.0 0.0 960.0 720.0"
            xmlns="http://www.w3.org/2000/svg"
            xmlnsXlink="http://www.w3.org/1999/xlink"
          >
            <clipPath
              id="p.0"
            >
              <path
                clipRule="nonzero"
                d="m0 0l960.0 0l0 720.0l-960.0 0l0 -720.0z"
              />
            </clipPath>
            <g
              clipPath="url(#p.0)"
            >
              <path
                d="m0 0l960.0 0l0 720.0l-960.0 0z"
                fill="#000000"
                fillOpacity="0.0"
                fillRule="evenodd"
              />
              <path
                d="m243.45009 -0.17608136l-242.82036 0l0 194.1241l242.82036 0z"
                fill="#000000"
                fillRule="evenodd"
              />
              <path
                d="m243.45009 -0.17608136l-242.82036 0l0 194.1241l242.82036 0z"
                fillRule="evenodd"
                stroke="#000000"
                strokeLinecap="butt"
                strokeLinejoin="round"
                strokeWidth="1.0"
              />
              <path
                d="m601.4111 -0.17608136l-242.82034 0l0 194.1241l242.82034 0z"
                fill="#000000"
                fillRule="evenodd"
              />
              <path
                d="m601.4111 -0.17608136l-242.82034 0l0 194.1241l242.82034 0z"
                fillRule="evenodd"
                stroke="#000000"
                strokeLinecap="butt"
                strokeLinejoin="round"
                strokeWidth="1.0"
              />
              <path
                d="m959.372 -0.17608136l-242.82031 0l0 194.1241l242.82031 0z"
                fill="#000000"
                fillRule="evenodd"
              />
              <path
                d="m959.372 -0.17608136l-242.82031 0l0 194.1241l242.82031 0z"
                fillRule="evenodd"
                stroke="#000000"
                strokeLinecap="butt"
                strokeLinejoin="round"
                strokeWidth="1.0"
              />
              <path
                d="m243.45009 262.47488l-242.82036 0l0 194.12408l242.82036 0z"
                fill="#000000"
                fillRule="evenodd"
              />
              <path
                d="m243.45009 262.47488l-242.82036 0l0 194.12408l242.82036 0z"
                fillRule="evenodd"
                stroke="#000000"
                strokeLinecap="butt"
                strokeLinejoin="round"
                strokeWidth="1.0"
              />
              <path
                d="m601.4111 262.47488l-242.82034 0l0 194.12408l242.82034 0z"
                fill="#000000"
                fillRule="evenodd"
              />
              <path
                d="m601.4111 262.47488l-242.82034 0l0 194.12408l242.82034 0z"
                fillRule="evenodd"
                stroke="#000000"
                strokeLinecap="butt"
                strokeLinejoin="round"
                strokeWidth="1.0"
              />
              <path
                d="m959.372 262.47488l-242.82031 0l0 194.12408l242.82031 0z"
                fill="#000000"
                fillRule="evenodd"
              />
              <path
                d="m959.372 262.47488l-242.82031 0l0 194.12408l242.82031 0z"
                fillRule="evenodd"
                stroke="#000000"
                strokeLinecap="butt"
                strokeLinejoin="round"
                strokeWidth="1.0"
              />
              <path
                d="m243.45009 525.12585l-242.82036 0l0 194.12408l242.82036 0z"
                fill="#000000"
                fillRule="evenodd"
              />
              <path
                d="m243.45009 525.12585l-242.82036 0l0 194.12408l242.82036 0z"
                fillRule="evenodd"
                stroke="#000000"
                strokeLinecap="butt"
                strokeLinejoin="round"
                strokeWidth="1.0"
              />
              <path
                d="m602.9698 525.1262l-242.82031 0l0 196.35175l242.82031 0z"
                fill="#000000"
                fillRule="evenodd"
              />
              <path
                d="m602.9698 525.1262l-242.82031 0l0 196.35175l242.82031 0z"
                fillRule="evenodd"
                stroke="#000000"
                strokeLinecap="butt"
                strokeLinejoin="round"
                strokeWidth="1.0"
              />
              <path
                d="m959.372 525.12585l-242.82031 0l0 194.12408l242.82031 0z"
                fill="#000000"
                fillRule="evenodd"
              />
              <path
                d="m959.372 525.12585l-242.82031 0l0 194.12408l242.82031 0z"
                fillRule="evenodd"
                stroke="#000000"
                strokeLinecap="butt"
                strokeLinejoin="round"
                strokeWidth="1.0"
              />
            </g>
          </svg>
          <svg
            className="view-button"
            height="512pt"
            viewBox="0 -52 512.00001 512"
            width="512pt"
            xmlns="http://www.w3.org/2000/svg"
          >
            <path
              d="m0 113.292969h113.292969v-113.292969h-113.292969zm30.003906-83.289063h53.289063v53.289063h-53.289063zm0 0"
            />
            <path
              d="m149.296875 0v113.292969h362.703125v-113.292969zm332.699219 83.292969h-302.695313v-53.289063h302.695313zm0 0"
            />
            <path
              d="m0 260.300781h113.292969v-113.292969h-113.292969zm30.003906-83.292969h53.289063v53.289063h-53.289063zm0 0"
            />
            <path
              d="m149.296875 260.300781h362.703125v-113.292969h-362.703125zm30.003906-83.292969h302.695313v53.289063h-302.695313zm0 0"
            />
            <path
              d="m0 407.308594h113.292969v-113.296875h-113.292969zm30.003906-83.292969h53.289063v53.289063h-53.289063zm0 0"
            />
            <path
              d="m149.296875 407.308594h362.703125v-113.296875h-362.703125zm30.003906-83.292969h302.695313v53.289063h-302.695313zm0 0"
            />
          </svg>
          <FilterComponent />
        </div>,
        "className": "report-navbar-container",
      },
      "ref": null,
      "rendered": Object {
        "instance": null,
        "key": undefined,
        "nodeType": "host",
        "props": Object {
          "children": Array [
            <p>
              View:
            </p>,
            <svg
              className="view-button"
              fill="none"
              stroke="none"
              strokeLinecap="square"
              strokeMiterlimit="10"
              version="1.1"
              viewBox="0.0 0.0 960.0 720.0"
              xmlns="http://www.w3.org/2000/svg"
              xmlnsXlink="http://www.w3.org/1999/xlink"
            >
              <clipPath
                id="p.0"
              >
                <path
                  clipRule="nonzero"
                  d="m0 0l960.0 0l0 720.0l-960.0 0l0 -720.0z"
                />
              </clipPath>
              <g
                clipPath="url(#p.0)"
              >
                <path
                  d="m0 0l960.0 0l0 720.0l-960.0 0z"
                  fill="#000000"
                  fillOpacity="0.0"
                  fillRule="evenodd"
                />
                <path
                  d="m243.45009 -0.17608136l-242.82036 0l0 194.1241l242.82036 0z"
                  fill="#000000"
                  fillRule="evenodd"
                />
                <path
                  d="m243.45009 -0.17608136l-242.82036 0l0 194.1241l242.82036 0z"
                  fillRule="evenodd"
                  stroke="#000000"
                  strokeLinecap="butt"
                  strokeLinejoin="round"
                  strokeWidth="1.0"
                />
                <path
                  d="m601.4111 -0.17608136l-242.82034 0l0 194.1241l242.82034 0z"
                  fill="#000000"
                  fillRule="evenodd"
                />
                <path
                  d="m601.4111 -0.17608136l-242.82034 0l0 194.1241l242.82034 0z"
                  fillRule="evenodd"
                  stroke="#000000"
                  strokeLinecap="butt"
                  strokeLinejoin="round"
                  strokeWidth="1.0"
                />
                <path
                  d="m959.372 -0.17608136l-242.82031 0l0 194.1241l242.82031 0z"
                  fill="#000000"
                  fillRule="evenodd"
                />
                <path
                  d="m959.372 -0.17608136l-242.82031 0l0 194.1241l242.82031 0z"
                  fillRule="evenodd"
                  stroke="#000000"
                  strokeLinecap="butt"
                  strokeLinejoin="round"
                  strokeWidth="1.0"
                />
                <path
                  d="m243.45009 262.47488l-242.82036 0l0 194.12408l242.82036 0z"
                  fill="#000000"
                  fillRule="evenodd"
                />
                <path
                  d="m243.45009 262.47488l-242.82036 0l0 194.12408l242.82036 0z"
                  fillRule="evenodd"
                  stroke="#000000"
                  strokeLinecap="butt"
                  strokeLinejoin="round"
                  strokeWidth="1.0"
                />
                <path
                  d="m601.4111 262.47488l-242.82034 0l0 194.12408l242.82034 0z"
                  fill="#000000"
                  fillRule="evenodd"
                />
                <path
                  d="m601.4111 262.47488l-242.82034 0l0 194.12408l242.82034 0z"
                  fillRule="evenodd"
                  stroke="#000000"
                  strokeLinecap="butt"
                  strokeLinejoin="round"
                  strokeWidth="1.0"
                />
                <path
                  d="m959.372 262.47488l-242.82031 0l0 194.12408l242.82031 0z"
                  fill="#000000"
                  fillRule="evenodd"
                />
                <path
                  d="m959.372 262.47488l-242.82031 0l0 194.12408l242.82031 0z"
                  fillRule="evenodd"
                  stroke="#000000"
                  strokeLinecap="butt"
                  strokeLinejoin="round"
                  strokeWidth="1.0"
                />
                <path
                  d="m243.45009 525.12585l-242.82036 0l0 194.12408l242.82036 0z"
                  fill="#000000"
                  fillRule="evenodd"
                />
                <path
                  d="m243.45009 525.12585l-242.82036 0l0 194.12408l242.82036 0z"
                  fillRule="evenodd"
                  stroke="#000000"
                  strokeLinecap="butt"
                  strokeLinejoin="round"
                  strokeWidth="1.0"
                />
                <path
                  d="m602.9698 525.1262l-242.82031 0l0 196.35175l242.82031 0z"
                  fill="#000000"
                  fillRule="evenodd"
                />
                <path
                  d="m602.9698 525.1262l-242.82031 0l0 196.35175l242.82031 0z"
                  fillRule="evenodd"
                  stroke="#000000"
                  strokeLinecap="butt"
                  strokeLinejoin="round"
                  strokeWidth="1.0"
                />
                <path
                  d="m959.372 525.12585l-242.82031 0l0 194.12408l242.82031 0z"
                  fill="#000000"
                  fillRule="evenodd"
                />
                <path
                  d="m959.372 525.12585l-242.82031 0l0 194.12408l242.82031 0z"
                  fillRule="evenodd"
                  stroke="#000000"
                  strokeLinecap="butt"
                  strokeLinejoin="round"
                  strokeWidth="1.0"
                />
              </g>
            </svg>,
            <svg
              className="view-button"
              height="512pt"
              viewBox="0 -52 512.00001 512"
              width="512pt"
              xmlns="http://www.w3.org/2000/svg"
            >
              <path
                d="m0 113.292969h113.292969v-113.292969h-113.292969zm30.003906-83.289063h53.289063v53.289063h-53.289063zm0 0"
              />
              <path
                d="m149.296875 0v113.292969h362.703125v-113.292969zm332.699219 83.292969h-302.695313v-53.289063h302.695313zm0 0"
              />
              <path
                d="m0 260.300781h113.292969v-113.292969h-113.292969zm30.003906-83.292969h53.289063v53.289063h-53.289063zm0 0"
              />
              <path
                d="m149.296875 260.300781h362.703125v-113.292969h-362.703125zm30.003906-83.292969h302.695313v53.289063h-302.695313zm0 0"
              />
              <path
                d="m0 407.308594h113.292969v-113.296875h-113.292969zm30.003906-83.292969h53.289063v53.289063h-53.289063zm0 0"
              />
              <path
                d="m149.296875 407.308594h362.703125v-113.296875h-362.703125zm30.003906-83.292969h302.695313v53.289063h-302.695313zm0 0"
              />
            </svg>,
            <FilterComponent />,
          ],
          "className": "report-navbar",
        },
        "ref": null,
        "rendered": Array [
          Object {
            "instance": null,
            "key": undefined,
            "nodeType": "host",
            "props": Object {
              "children": "View:",
            },
            "ref": null,
            "rendered": "View:",
            "type": "p",
          },
          Object {
            "instance": null,
            "key": undefined,
            "nodeType": "host",
            "props": Object {
              "children": Array [
                <clipPath
                  id="p.0"
                >
                  <path
                    clipRule="nonzero"
                    d="m0 0l960.0 0l0 720.0l-960.0 0l0 -720.0z"
                  />
                </clipPath>,
                <g
                  clipPath="url(#p.0)"
                >
                  <path
                    d="m0 0l960.0 0l0 720.0l-960.0 0z"
                    fill="#000000"
                    fillOpacity="0.0"
                    fillRule="evenodd"
                  />
                  <path
                    d="m243.45009 -0.17608136l-242.82036 0l0 194.1241l242.82036 0z"
                    fill="#000000"
                    fillRule="evenodd"
                  />
                  <path
                    d="m243.45009 -0.17608136l-242.82036 0l0 194.1241l242.82036 0z"
                    fillRule="evenodd"
                    stroke="#000000"
                    strokeLinecap="butt"
                    strokeLinejoin="round"
                    strokeWidth="1.0"
                  />
                  <path
                    d="m601.4111 -0.17608136l-242.82034 0l0 194.1241l242.82034 0z"
                    fill="#000000"
                    fillRule="evenodd"
                  />
                  <path
                    d="m601.4111 -0.17608136l-242.82034 0l0 194.1241l242.82034 0z"
                    fillRule="evenodd"
                    stroke="#000000"
                    strokeLinecap="butt"
                    strokeLinejoin="round"
                    strokeWidth="1.0"
                  />
                  <path
                    d="m959.372 -0.17608136l-242.82031 0l0 194.1241l242.82031 0z"
                    fill="#000000"
                    fillRule="evenodd"
                  />
                  <path
                    d="m959.372 -0.17608136l-242.82031 0l0 194.1241l242.82031 0z"
                    fillRule="evenodd"
                    stroke="#000000"
                    strokeLinecap="butt"
                    strokeLinejoin="round"
                    strokeWidth="1.0"
                  />
                  <path
                    d="m243.45009 262.47488l-242.82036 0l0 194.12408l242.82036 0z"
                    fill="#000000"
                    fillRule="evenodd"
                  />
                  <path
                    d="m243.45009 262.47488l-242.82036 0l0 194.12408l242.82036 0z"
                    fillRule="evenodd"
                    stroke="#000000"
                    strokeLinecap="butt"
                    strokeLinejoin="round"
                    strokeWidth="1.0"
                  />
                  <path
                    d="m601.4111 262.47488l-242.82034 0l0 194.12408l242.82034 0z"
                    fill="#000000"
                    fillRule="evenodd"
                  />
                  <path
                    d="m601.4111 262.47488l-242.82034 0l0 194.12408l242.82034 0z"
                    fillRule="evenodd"
                    stroke="#000000"
                    strokeLinecap="butt"
                    strokeLinejoin="round"
                    strokeWidth="1.0"
                  />
                  <path
                    d="m959.372 262.47488l-242.82031 0l0 194.12408l242.82031 0z"
                    fill="#000000"
                    fillRule="evenodd"
                  />
                  <path
                    d="m959.372 262.47488l-242.82031 0l0 194.12408l242.82031 0z"
                    fillRule="evenodd"
                    stroke="#000000"
                    strokeLinecap="butt"
                    strokeLinejoin="round"
                    strokeWidth="1.0"
                  />
                  <path
                    d="m243.45009 525.12585l-242.82036 0l0 194.12408l242.82036 0z"
                    fill="#000000"
                    fillRule="evenodd"
                  />
                  <path
                    d="m243.45009 525.12585l-242.82036 0l0 194.12408l242.82036 0z"
                    fillRule="evenodd"
                    stroke="#000000"
                    strokeLinecap="butt"
                    strokeLinejoin="round"
                    strokeWidth="1.0"
                  />
                  <path
                    d="m602.9698 525.1262l-242.82031 0l0 196.35175l242.82031 0z"
                    fill="#000000"
                    fillRule="evenodd"
                  />
                  <path
                    d="m602.9698 525.1262l-242.82031 0l0 196.35175l242.82031 0z"
                    fillRule="evenodd"
                    stroke="#000000"
                    strokeLinecap="butt"
                    strokeLinejoin="round"
                    strokeWidth="1.0"
                  />
                  <path
                    d="m959.372 525.12585l-242.82031 0l0 194.12408l242.82031 0z"
                    fill="#000000"
                    fillRule="evenodd"
                  />
                  <path
                    d="m959.372 525.12585l-242.82031 0l0 194.12408l242.82031 0z"
                    fillRule="evenodd"
                    stroke="#000000"
                    strokeLinecap="butt"
                    strokeLinejoin="round"
                    strokeWidth="1.0"
                  />
                </g>,
              ],
              "className": "view-button",
              "fill": "none",
              "stroke": "none",
              "strokeLinecap": "square",
              "strokeMiterlimit": "10",
              "version": "1.1",
              "viewBox": "0.0 0.0 960.0 720.0",
              "xmlns": "http://www.w3.org/2000/svg",
              "xmlnsXlink": "http://www.w3.org/1999/xlink",
            },
            "ref": null,
            "rendered": Array [
              Object {
                "instance": null,
                "key": undefined,
                "nodeType": "host",
                "props": Object {
                  "children": <path
                    clipRule="nonzero"
                    d="m0 0l960.0 0l0 720.0l-960.0 0l0 -720.0z"
                  />,
                  "id": "p.0",
                },
                "ref": null,
                "rendered": Object {
                  "instance": null,
                  "key": undefined,
                  "nodeType": "host",
                  "props": Object {
                    "clipRule": "nonzero",
                    "d": "m0 0l960.0 0l0 720.0l-960.0 0l0 -720.0z",
                  },
                  "ref": null,
                  "rendered": null,
                  "type": "path",
                },
                "type": "clipPath",
              },
              Object {
                "instance": null,
                "key": undefined,
                "nodeType": "host",
                "props": Object {
                  "children": Array [
                    <path
                      d="m0 0l960.0 0l0 720.0l-960.0 0z"
                      fill="#000000"
                      fillOpacity="0.0"
                      fillRule="evenodd"
                    />,
                    <path
                      d="m243.45009 -0.17608136l-242.82036 0l0 194.1241l242.82036 0z"
                      fill="#000000"
                      fillRule="evenodd"
                    />,
                    <path
                      d="m243.45009 -0.17608136l-242.82036 0l0 194.1241l242.82036 0z"
                      fillRule="evenodd"
                      stroke="#000000"
                      strokeLinecap="butt"
                      strokeLinejoin="round"
                      strokeWidth="1.0"
                    />,
                    <path
                      d="m601.4111 -0.17608136l-242.82034 0l0 194.1241l242.82034 0z"
                      fill="#000000"
                      fillRule="evenodd"
                    />,
                    <path
                      d="m601.4111 -0.17608136l-242.82034 0l0 194.1241l242.82034 0z"
                      fillRule="evenodd"
                      stroke="#000000"
                      strokeLinecap="butt"
                      strokeLinejoin="round"
                      strokeWidth="1.0"
                    />,
                    <path
                      d="m959.372 -0.17608136l-242.82031 0l0 194.1241l242.82031 0z"
                      fill="#000000"
                      fillRule="evenodd"
                    />,
                    <path
                      d="m959.372 -0.17608136l-242.82031 0l0 194.1241l242.82031 0z"
                      fillRule="evenodd"
                      stroke="#000000"
                      strokeLinecap="butt"
                      strokeLinejoin="round"
                      strokeWidth="1.0"
                    />,
                    <path
                      d="m243.45009 262.47488l-242.82036 0l0 194.12408l242.82036 0z"
                      fill="#000000"
                      fillRule="evenodd"
                    />,
                    <path
                      d="m243.45009 262.47488l-242.82036 0l0 194.12408l242.82036 0z"
                      fillRule="evenodd"
                      stroke="#000000"
                      strokeLinecap="butt"
                      strokeLinejoin="round"
                      strokeWidth="1.0"
                    />,
                    <path
                      d="m601.4111 262.47488l-242.82034 0l0 194.12408l242.82034 0z"
                      fill="#000000"
                      fillRule="evenodd"
                    />,
                    <path
                      d="m601.4111 262.47488l-242.82034 0l0 194.12408l242.82034 0z"
                      fillRule="evenodd"
                      stroke="#000000"
                      strokeLinecap="butt"
                      strokeLinejoin="round"
                      strokeWidth="1.0"
                    />,
                    <path
                      d="m959.372 262.47488l-242.82031 0l0 194.12408l242.82031 0z"
                      fill="#000000"
                      fillRule="evenodd"
                    />,
                    <path
                      d="m959.372 262.47488l-242.82031 0l0 194.12408l242.82031 0z"
                      fillRule="evenodd"
                      stroke="#000000"
                      strokeLinecap="butt"
                      strokeLinejoin="round"
                      strokeWidth="1.0"
                    />,
                    <path
                      d="m243.45009 525.12585l-242.82036 0l0 194.12408l242.82036 0z"
                      fill="#000000"
                      fillRule="evenodd"
                    />,
                    <path
                      d="m243.45009 525.12585l-242.82036 0l0 194.12408l242.82036 0z"
                      fillRule="evenodd"
                      stroke="#000000"
                      strokeLinecap="butt"
                      strokeLinejoin="round"
                      strokeWidth="1.0"
                    />,
                    <path
                      d="m602.9698 525.1262l-242.82031 0l0 196.35175l242.82031 0z"
                      fill="#000000"
                      fillRule="evenodd"
                    />,
                    <path
                      d="m602.9698 525.1262l-242.82031 0l0 196.35175l242.82031 0z"
                      fillRule="evenodd"
                      stroke="#000000"
                      strokeLinecap="butt"
                      strokeLinejoin="round"
                      strokeWidth="1.0"
                    />,
                    <path
                      d="m959.372 525.12585l-242.82031 0l0 194.12408l242.82031 0z"
                      fill="#000000"
                      fillRule="evenodd"
                    />,
                    <path
                      d="m959.372 525.12585l-242.82031 0l0 194.12408l242.82031 0z"
                      fillRule="evenodd"
                      stroke="#000000"
                      strokeLinecap="butt"
                      strokeLinejoin="round"
                      strokeWidth="1.0"
                    />,
                  ],
                  "clipPath": "url(#p.0)",
                },
                "ref": null,
                "rendered": Array [
                  Object {
                    "instance": null,
                    "key": undefined,
                    "nodeType": "host",
                    "props": Object {
                      "d": "m0 0l960.0 0l0 720.0l-960.0 0z",
                      "fill": "#000000",
                      "fillOpacity": "0.0",
                      "fillRule": "evenodd",
                    },
                    "ref": null,
                    "rendered": null,
                    "type": "path",
                  },
                  Object {
                    "instance": null,
                    "key": undefined,
                    "nodeType": "host",
                    "props": Object {
                      "d": "m243.45009 -0.17608136l-242.82036 0l0 194.1241l242.82036 0z",
                      "fill": "#000000",
                      "fillRule": "evenodd",
                    },
                    "ref": null,
                    "rendered": null,
                    "type": "path",
                  },
                  Object {
                    "instance": null,
                    "key": undefined,
                    "nodeType": "host",
                    "props": Object {
                      "d": "m243.45009 -0.17608136l-242.82036 0l0 194.1241l242.82036 0z",
                      "fillRule": "evenodd",
                      "stroke": "#000000",
                      "strokeLinecap": "butt",
                      "strokeLinejoin": "round",
                      "strokeWidth": "1.0",
                    },
                    "ref": null,
                    "rendered": null,
                    "type": "path",
                  },
                  Object {
                    "instance": null,
                    "key": undefined,
                    "nodeType": "host",
                    "props": Object {
                      "d": "m601.4111 -0.17608136l-242.82034 0l0 194.1241l242.82034 0z",
                      "fill": "#000000",
                      "fillRule": "evenodd",
                    },
                    "ref": null,
                    "rendered": null,
                    "type": "path",
                  },
                  Object {
                    "instance": null,
                    "key": undefined,
                    "nodeType": "host",
                    "props": Object {
                      "d": "m601.4111 -0.17608136l-242.82034 0l0 194.1241l242.82034 0z",
                      "fillRule": "evenodd",
                      "stroke": "#000000",
                      "strokeLinecap": "butt",
                      "strokeLinejoin": "round",
                      "strokeWidth": "1.0",
                    },
                    "ref": null,
                    "rendered": null,
                    "type": "path",
                  },
                  Object {
                    "instance": null,
                    "key": undefined,
                    "nodeType": "host",
                    "props": Object {
                      "d": "m959.372 -0.17608136l-242.82031 0l0 194.1241l242.82031 0z",
                      "fill": "#000000",
                      "fillRule": "evenodd",
                    },
                    "ref": null,
                    "rendered": null,
                    "type": "path",
                  },
                  Object {
                    "instance": null,
                    "key": undefined,
                    "nodeType": "host",
                    "props": Object {
                      "d": "m959.372 -0.17608136l-242.82031 0l0 194.1241l242.82031 0z",
                      "fillRule": "evenodd",
                      "stroke": "#000000",
                      "strokeLinecap": "butt",
                      "strokeLinejoin": "round",
                      "strokeWidth": "1.0",
                    },
                    "ref": null,
                    "rendered": null,
                    "type": "path",
                  },
                  Object {
                    "instance": null,
                    "key": undefined,
                    "nodeType": "host",
                    "props": Object {
                      "d": "m243.45009 262.47488l-242.82036 0l0 194.12408l242.82036 0z",
                      "fill": "#000000",
                      "fillRule": "evenodd",
                    },
                    "ref": null,
                    "rendered": null,
                    "type": "path",
                  },
                  Object {
                    "instance": null,
                    "key": undefined,
                    "nodeType": "host",
                    "props": Object {
                      "d": "m243.45009 262.47488l-242.82036 0l0 194.12408l242.82036 0z",
                      "fillRule": "evenodd",
                      "stroke": "#000000",
                      "strokeLinecap": "butt",
                      "strokeLinejoin": "round",
                      "strokeWidth": "1.0",
                    },
                    "ref": null,
                    "rendered": null,
                    "type": "path",
                  },
                  Object {
                    "instance": null,
                    "key": undefined,
                    "nodeType": "host",
                    "props": Object {
                      "d": "m601.4111 262.47488l-242.82034 0l0 194.12408l242.82034 0z",
                      "fill": "#000000",
                      "fillRule": "evenodd",
                    },
                    "ref": null,
                    "rendered": null,
                    "type": "path",
                  },
                  Object {
                    "instance": null,
                    "key": undefined,
                    "nodeType": "host",
                    "props": Object {
                      "d": "m601.4111 262.47488l-242.82034 0l0 194.12408l242.82034 0z",
                      "fillRule": "evenodd",
                      "stroke": "#000000",
                      "strokeLinecap": "butt",
                      "strokeLinejoin": "round",
                      "strokeWidth": "1.0",
                    },
                    "ref": null,
                    "rendered": null,
                    "type": "path",
                  },
                  Object {
                    "instance": null,
                    "key": undefined,
                    "nodeType": "host",
                    "props": Object {
                      "d": "m959.372 262.47488l-242.82031 0l0 194.12408l242.82031 0z",
                      "fill": "#000000",
                      "fillRule": "evenodd",
                    },
                    "ref": null,
                    "rendered": null,
                    "type": "path",
                  },
                  Object {
                    "instance": null,
                    "key": undefined,
                    "nodeType": "host",
                    "props": Object {
                      "d": "m959.372 262.47488l-242.82031 0l0 194.12408l242.82031 0z",
                      "fillRule": "evenodd",
                      "stroke": "#000000",
                      "strokeLinecap": "butt",
                      "strokeLinejoin": "round",
                      "strokeWidth": "1.0",
                    },
                    "ref": null,
                    "rendered": null,
                    "type": "path",
                  },
                  Object {
                    "instance": null,
                    "key": undefined,
                    "nodeType": "host",
                    "props": Object {
                      "d": "m243.45009 525.12585l-242.82036 0l0 194.12408l242.82036 0z",
                      "fill": "#000000",
                      "fillRule": "evenodd",
                    },
                    "ref": null,
                    "rendered": null,
                    "type": "path",
                  },
                  Object {
                    "instance": null,
                    "key": undefined,
                    "nodeType": "host",
                    "props": Object {
                      "d": "m243.45009 525.12585l-242.82036 0l0 194.12408l242.82036 0z",
                      "fillRule": "evenodd",
                      "stroke": "#000000",
                      "strokeLinecap": "butt",
                      "strokeLinejoin": "round",
                      "strokeWidth": "1.0",
                    },
                    "ref": null,
                    "rendered": null,
                    "type": "path",
                  },
                  Object {
                    "instance": null,
                    "key": undefined,
                    "nodeType": "host",
                    "props": Object {
                      "d": "m602.9698 525.1262l-242.82031 0l0 196.35175l242.82031 0z",
                      "fill": "#000000",
                      "fillRule": "evenodd",
                    },
                    "ref": null,
                    "rendered": null,
                    "type": "path",
                  },
                  Object {
                    "instance": null,
                    "key": undefined,
                    "nodeType": "host",
                    "props": Object {
                      "d": "m602.9698 525.1262l-242.82031 0l0 196.35175l242.82031 0z",
                      "fillRule": "evenodd",
                      "stroke": "#000000",
                      "strokeLinecap": "butt",
                      "strokeLinejoin": "round",
                      "strokeWidth": "1.0",
                    },
                    "ref": null,
                    "rendered": null,
                    "type": "path",
                  },
                  Object {
                    "instance": null,
                    "key": undefined,
                    "nodeType": "host",
                    "props": Object {
                      "d": "m959.372 525.12585l-242.82031 0l0 194.12408l242.82031 0z",
                      "fill": "#000000",
                      "fillRule": "evenodd",
                    },
                    "ref": null,
                    "rendered": null,
                    "type": "path",
                  },
                  Object {
                    "instance": null,
                    "key": undefined,
                    "nodeType": "host",
                    "props": Object {
                      "d": "m959.372 525.12585l-242.82031 0l0 194.12408l242.82031 0z",
                      "fillRule": "evenodd",
                      "stroke": "#000000",
                      "strokeLinecap": "butt",
                      "strokeLinejoin": "round",
                      "strokeWidth": "1.0",
                    },
                    "ref": null,
                    "rendered": null,
                    "type": "path",
                  },
                ],
                "type": "g",
              },
            ],
            "type": "svg",
          },
          Object {
            "instance": null,
            "key": undefined,
            "nodeType": "host",
            "props": Object {
              "children": Array [
                <path
                  d="m0 113.292969h113.292969v-113.292969h-113.292969zm30.003906-83.289063h53.289063v53.289063h-53.289063zm0 0"
                />,
                <path
                  d="m149.296875 0v113.292969h362.703125v-113.292969zm332.699219 83.292969h-302.695313v-53.289063h302.695313zm0 0"
                />,
                <path
                  d="m0 260.300781h113.292969v-113.292969h-113.292969zm30.003906-83.292969h53.289063v53.289063h-53.289063zm0 0"
                />,
                <path
                  d="m149.296875 260.300781h362.703125v-113.292969h-362.703125zm30.003906-83.292969h302.695313v53.289063h-302.695313zm0 0"
                />,
                <path
                  d="m0 407.308594h113.292969v-113.296875h-113.292969zm30.003906-83.292969h53.289063v53.289063h-53.289063zm0 0"
                />,
                <path
                  d="m149.296875 407.308594h362.703125v-113.296875h-362.703125zm30.003906-83.292969h302.695313v53.289063h-302.695313zm0 0"
                />,
              ],
              "className": "view-button",
              "height": "512pt",
              "viewBox": "0 -52 512.00001 512",
              "width": "512pt",
              "xmlns": "http://www.w3.org/2000/svg",
            },
            "ref": null,
            "rendered": Array [
              Object {
                "instance": null,
                "key": undefined,
                "nodeType": "host",
                "props": Object {
                  "d": "m0 113.292969h113.292969v-113.292969h-113.292969zm30.003906-83.289063h53.289063v53.289063h-53.289063zm0 0",
                },
                "ref": null,
                "rendered": null,
                "type": "path",
              },
              Object {
                "instance": null,
                "key": undefined,
                "nodeType": "host",
                "props": Object {
                  "d": "m149.296875 0v113.292969h362.703125v-113.292969zm332.699219 83.292969h-302.695313v-53.289063h302.695313zm0 0",
                },
                "ref": null,
                "rendered": null,
                "type": "path",
              },
              Object {
                "instance": null,
                "key": undefined,
                "nodeType": "host",
                "props": Object {
                  "d": "m0 260.300781h113.292969v-113.292969h-113.292969zm30.003906-83.292969h53.289063v53.289063h-53.289063zm0 0",
                },
                "ref": null,
                "rendered": null,
                "type": "path",
              },
              Object {
                "instance": null,
                "key": undefined,
                "nodeType": "host",
                "props": Object {
                  "d": "m149.296875 260.300781h362.703125v-113.292969h-362.703125zm30.003906-83.292969h302.695313v53.289063h-302.695313zm0 0",
                },
                "ref": null,
                "rendered": null,
                "type": "path",
              },
              Object {
                "instance": null,
                "key": undefined,
                "nodeType": "host",
                "props": Object {
                  "d": "m0 407.308594h113.292969v-113.296875h-113.292969zm30.003906-83.292969h53.289063v53.289063h-53.289063zm0 0",
                },
                "ref": null,
                "rendered": null,
                "type": "path",
              },
              Object {
                "instance": null,
                "key": undefined,
                "nodeType": "host",
                "props": Object {
                  "d": "m149.296875 407.308594h362.703125v-113.296875h-362.703125zm30.003906-83.292969h302.695313v53.289063h-302.695313zm0 0",
                },
                "ref": null,
                "rendered": null,
                "type": "path",
              },
            ],
            "type": "svg",
          },
          Object {
            "instance": null,
            "key": undefined,
            "nodeType": "class",
            "props": Object {},
            "ref": null,
            "rendered": null,
            "type": [Function],
          },
        ],
        "type": "div",
      },
      "type": "div",
    },
  ],
  Symbol(enzyme.__options__): Object {
    "adapter": ReactSixteenAdapter {
      "options": Object {
        "enableComponentDidUpdateOnSetState": true,
        "legacyContextMode": "parent",
        "lifecycles": Object {
          "componentDidUpdate": Object {
            "onSetState": true,
          },
          "getChildContext": Object {
            "calledByRenderer": false,
          },
          "getDerivedStateFromProps": true,
          "getSnapshotBeforeUpdate": true,
          "setState": Object {
            "skipsComponentDidUpdateOnNullish": true,
          },
        },
      },
    },
  },
}
`;
