// Jest Snapshot v1, https://goo.gl/fbAQLP

exports[`<ReportPage /> should render as expected 1`] = `
ShallowWrapper {
  Symbol(enzyme.__root__): [Circular],
  Symbol(enzyme.__unrendered__): <ReportPage
    currentUser={
      Object {
        "additionalUserInfo": Object {
          "profile": Object {
            "name": "",
            "picture": "",
          },
        },
      }
    }
    formatDates={[MockFunction]}
    history={Object {}}
    removeCurrentUser={[MockFunction]}
  />,
  Symbol(enzyme.__renderer__): Object {
    "batchedUpdates": [Function],
    "checkPropTypes": [Function],
    "getNode": [Function],
    "render": [Function],
    "simulateError": [Function],
    "simulateEvent": [Function],
    "unmount": [Function],
  },
  Symbol(enzyme.__node__): Object {
    "instance": null,
    "key": undefined,
    "nodeType": "host",
    "props": Object {
      "children": Array [
        <Header
          currentUser={
            Object {
              "additionalUserInfo": Object {
                "profile": Object {
                  "name": "",
                  "picture": "",
                },
              },
            }
          }
          history={Object {}}
          removeCurrentUser={[MockFunction]}
        />,
        <div
          id="report-page"
        >
          <div
            className="filter-box"
          >
            <p>
              Filters
            </p>
            <Filter
              filterSet="automationStatus"
              handleFilterChange={[Function]}
              options={
                Array [
                  Object {
                    "id": 1,
                    "text": "Failed Automations",
                    "type": "checkbox",
                    "value": "FAILED_AUTOMATIONS",
                  },
                  Object {
                    "id": 2,
                    "text": "Successful Automations",
                    "type": "checkbox",
                    "value": "SUCCESSFUL_AUTOMATIONS",
                  },
                  Object {
                    "id": 3,
                    "text": "Failed Slack Automations",
                    "type": "checkbox",
                    "value": "FAILED_SLACK_AUTOMATIONS",
                  },
                  Object {
                    "id": 4,
                    "text": "Failed Email Automation",
                    "type": "checkbox",
                    "value": "FAILED_EMAIL_AUTOMATIONS",
                  },
                  Object {
                    "id": 5,
                    "text": "Failed Freckle Automation",
                    "type": "checkbox",
                    "value": "FAILED_FRECKLE_AUTOMATIONS",
                  },
                  Object {
                    "id": 6,
                    "text": "Successful Slack Automations",
                    "type": "checkbox",
                    "value": "SUCCESSFUL_SLACK_AUTOMATIONS",
                  },
                  Object {
                    "id": 7,
                    "text": "Successful Email Automation",
                    "type": "checkbox",
                    "value": "SUCCESSFUL_EMAIL_AUTOMATIONS",
                  },
                  Object {
                    "id": 8,
                    "text": "Successful Freckle Automation",
                    "type": "checkbox",
                    "value": "SUCCESSFUL_FRECKLE_AUTOMATIONS",
                  },
                ]
              }
              title="Automation Status"
            />
            <Filter
              filterSet="automationType"
              handleFilterChange={[Function]}
              options={
                Array [
                  Object {
                    "id": 1,
                    "text": "Onboarding",
                    "type": "checkbox",
                    "value": "ONBOARDING",
                  },
                  Object {
                    "id": 2,
                    "text": "Offboarding",
                    "type": "checkbox",
                    "value": "OFFBOARDING",
                  },
                ]
              }
              title="Automation Type"
            />
            <Filter
              filterSet="date"
              handleFilterChange={[Function]}
              options={
                Array [
                  Object {
                    "id": 1,
                    "text": "From",
                    "type": "date",
                  },
                  Object {
                    "id": 2,
                    "text": "To",
                    "type": "date",
                  },
                ]
              }
              title="Date"
            />
            <Search
              handleSearch={[Function]}
            />
          </div>
          <FiltersBar
            filters={
              Object {
                "automationStatus": Array [],
                "automationType": Array [],
                "date": Object {
                  "from": "",
                  "to": "",
                },
                "length": 0,
                "updated": false,
              }
            }
          />
          <div
            className="table-header"
          >
            <table
              className="report-table"
            >
              <thead>
                <tr>
                  <th
                    className="numbering"
                  >
                    #
                  </th>
                  <th>
                    Date
                  </th>
                  <th>
                    Fellow Name
                  </th>
                  <th>
                    Partner Name
                  </th>
                  <th>
                    Type
                  </th>
                  <th>
                    Slack
                  </th>
                  <th>
                    Email
                  </th>
                  <th>
                    Freckle
                  </th>
                </tr>
              </thead>
            </table>
          </div>
          <div
            className="table-body"
          >
            <Spinner
              isAbsolute={true}
              size="large"
            />
          </div>
          <AutomationDetails
            closeModal={[Function]}
            formatDates={[Function]}
            isModalOpen={false}
            modalContent={Object {}}
            modalType=""
          />
        </div>,
      ],
    },
    "ref": null,
    "rendered": Array [
      Object {
        "instance": null,
        "key": undefined,
        "nodeType": "class",
        "props": Object {
          "currentUser": Object {
            "additionalUserInfo": Object {
              "profile": Object {
                "name": "",
                "picture": "",
              },
            },
          },
          "history": Object {},
          "removeCurrentUser": [MockFunction],
        },
        "ref": null,
        "rendered": null,
        "type": [Function],
      },
      Object {
        "instance": null,
        "key": undefined,
        "nodeType": "host",
        "props": Object {
          "children": Array [
            <div
              className="filter-box"
            >
              <p>
                Filters
              </p>
              <Filter
                filterSet="automationStatus"
                handleFilterChange={[Function]}
                options={
                  Array [
                    Object {
                      "id": 1,
                      "text": "Failed Automations",
                      "type": "checkbox",
                      "value": "FAILED_AUTOMATIONS",
                    },
                    Object {
                      "id": 2,
                      "text": "Successful Automations",
                      "type": "checkbox",
                      "value": "SUCCESSFUL_AUTOMATIONS",
                    },
                    Object {
                      "id": 3,
                      "text": "Failed Slack Automations",
                      "type": "checkbox",
                      "value": "FAILED_SLACK_AUTOMATIONS",
                    },
                    Object {
                      "id": 4,
                      "text": "Failed Email Automation",
                      "type": "checkbox",
                      "value": "FAILED_EMAIL_AUTOMATIONS",
                    },
                    Object {
                      "id": 5,
                      "text": "Failed Freckle Automation",
                      "type": "checkbox",
                      "value": "FAILED_FRECKLE_AUTOMATIONS",
                    },
                    Object {
                      "id": 6,
                      "text": "Successful Slack Automations",
                      "type": "checkbox",
                      "value": "SUCCESSFUL_SLACK_AUTOMATIONS",
                    },
                    Object {
                      "id": 7,
                      "text": "Successful Email Automation",
                      "type": "checkbox",
                      "value": "SUCCESSFUL_EMAIL_AUTOMATIONS",
                    },
                    Object {
                      "id": 8,
                      "text": "Successful Freckle Automation",
                      "type": "checkbox",
                      "value": "SUCCESSFUL_FRECKLE_AUTOMATIONS",
                    },
                  ]
                }
                title="Automation Status"
              />
              <Filter
                filterSet="automationType"
                handleFilterChange={[Function]}
                options={
                  Array [
                    Object {
                      "id": 1,
                      "text": "Onboarding",
                      "type": "checkbox",
                      "value": "ONBOARDING",
                    },
                    Object {
                      "id": 2,
                      "text": "Offboarding",
                      "type": "checkbox",
                      "value": "OFFBOARDING",
                    },
                  ]
                }
                title="Automation Type"
              />
              <Filter
                filterSet="date"
                handleFilterChange={[Function]}
                options={
                  Array [
                    Object {
                      "id": 1,
                      "text": "From",
                      "type": "date",
                    },
                    Object {
                      "id": 2,
                      "text": "To",
                      "type": "date",
                    },
                  ]
                }
                title="Date"
              />
              <Search
                handleSearch={[Function]}
              />
            </div>,
            <FiltersBar
              filters={
                Object {
                  "automationStatus": Array [],
                  "automationType": Array [],
                  "date": Object {
                    "from": "",
                    "to": "",
                  },
                  "length": 0,
                  "updated": false,
                }
              }
            />,
            <div
              className="table-header"
            >
              <table
                className="report-table"
              >
                <thead>
                  <tr>
                    <th
                      className="numbering"
                    >
                      #
                    </th>
                    <th>
                      Date
                    </th>
                    <th>
                      Fellow Name
                    </th>
                    <th>
                      Partner Name
                    </th>
                    <th>
                      Type
                    </th>
                    <th>
                      Slack
                    </th>
                    <th>
                      Email
                    </th>
                    <th>
                      Freckle
                    </th>
                  </tr>
                </thead>
              </table>
            </div>,
            <div
              className="table-body"
            >
              <Spinner
                isAbsolute={true}
                size="large"
              />
            </div>,
            <AutomationDetails
              closeModal={[Function]}
              formatDates={[Function]}
              isModalOpen={false}
              modalContent={Object {}}
              modalType=""
            />,
          ],
          "id": "report-page",
        },
        "ref": null,
        "rendered": Array [
          Object {
            "instance": null,
            "key": undefined,
            "nodeType": "host",
            "props": Object {
              "children": Array [
                <p>
                  Filters
                </p>,
                Array [
                  <Filter
                    filterSet="automationStatus"
                    handleFilterChange={[Function]}
                    options={
                      Array [
                        Object {
                          "id": 1,
                          "text": "Failed Automations",
                          "type": "checkbox",
                          "value": "FAILED_AUTOMATIONS",
                        },
                        Object {
                          "id": 2,
                          "text": "Successful Automations",
                          "type": "checkbox",
                          "value": "SUCCESSFUL_AUTOMATIONS",
                        },
                        Object {
                          "id": 3,
                          "text": "Failed Slack Automations",
                          "type": "checkbox",
                          "value": "FAILED_SLACK_AUTOMATIONS",
                        },
                        Object {
                          "id": 4,
                          "text": "Failed Email Automation",
                          "type": "checkbox",
                          "value": "FAILED_EMAIL_AUTOMATIONS",
                        },
                        Object {
                          "id": 5,
                          "text": "Failed Freckle Automation",
                          "type": "checkbox",
                          "value": "FAILED_FRECKLE_AUTOMATIONS",
                        },
                        Object {
                          "id": 6,
                          "text": "Successful Slack Automations",
                          "type": "checkbox",
                          "value": "SUCCESSFUL_SLACK_AUTOMATIONS",
                        },
                        Object {
                          "id": 7,
                          "text": "Successful Email Automation",
                          "type": "checkbox",
                          "value": "SUCCESSFUL_EMAIL_AUTOMATIONS",
                        },
                        Object {
                          "id": 8,
                          "text": "Successful Freckle Automation",
                          "type": "checkbox",
                          "value": "SUCCESSFUL_FRECKLE_AUTOMATIONS",
                        },
                      ]
                    }
                    title="Automation Status"
                  />,
                  <Filter
                    filterSet="automationType"
                    handleFilterChange={[Function]}
                    options={
                      Array [
                        Object {
                          "id": 1,
                          "text": "Onboarding",
                          "type": "checkbox",
                          "value": "ONBOARDING",
                        },
                        Object {
                          "id": 2,
                          "text": "Offboarding",
                          "type": "checkbox",
                          "value": "OFFBOARDING",
                        },
                      ]
                    }
                    title="Automation Type"
                  />,
                  <Filter
                    filterSet="date"
                    handleFilterChange={[Function]}
                    options={
                      Array [
                        Object {
                          "id": 1,
                          "text": "From",
                          "type": "date",
                        },
                        Object {
                          "id": 2,
                          "text": "To",
                          "type": "date",
                        },
                      ]
                    }
                    title="Date"
                  />,
                ],
                <Search
                  handleSearch={[Function]}
                />,
              ],
              "className": "filter-box",
            },
            "ref": null,
            "rendered": Array [
              Object {
                "instance": null,
                "key": undefined,
                "nodeType": "host",
                "props": Object {
                  "children": "Filters",
                },
                "ref": null,
                "rendered": "Filters",
                "type": "p",
              },
              Object {
                "instance": null,
                "key": "1",
                "nodeType": "class",
                "props": Object {
                  "filterSet": "automationStatus",
                  "handleFilterChange": [Function],
                  "options": Array [
                    Object {
                      "id": 1,
                      "text": "Failed Automations",
                      "type": "checkbox",
                      "value": "FAILED_AUTOMATIONS",
                    },
                    Object {
                      "id": 2,
                      "text": "Successful Automations",
                      "type": "checkbox",
                      "value": "SUCCESSFUL_AUTOMATIONS",
                    },
                    Object {
                      "id": 3,
                      "text": "Failed Slack Automations",
                      "type": "checkbox",
                      "value": "FAILED_SLACK_AUTOMATIONS",
                    },
                    Object {
                      "id": 4,
                      "text": "Failed Email Automation",
                      "type": "checkbox",
                      "value": "FAILED_EMAIL_AUTOMATIONS",
                    },
                    Object {
                      "id": 5,
                      "text": "Failed Freckle Automation",
                      "type": "checkbox",
                      "value": "FAILED_FRECKLE_AUTOMATIONS",
                    },
                    Object {
                      "id": 6,
                      "text": "Successful Slack Automations",
                      "type": "checkbox",
                      "value": "SUCCESSFUL_SLACK_AUTOMATIONS",
                    },
                    Object {
                      "id": 7,
                      "text": "Successful Email Automation",
                      "type": "checkbox",
                      "value": "SUCCESSFUL_EMAIL_AUTOMATIONS",
                    },
                    Object {
                      "id": 8,
                      "text": "Successful Freckle Automation",
                      "type": "checkbox",
                      "value": "SUCCESSFUL_FRECKLE_AUTOMATIONS",
                    },
                  ],
                  "title": "Automation Status",
                },
                "ref": null,
                "rendered": null,
                "type": [Function],
              },
              Object {
                "instance": null,
                "key": "3",
                "nodeType": "class",
                "props": Object {
                  "filterSet": "automationType",
                  "handleFilterChange": [Function],
                  "options": Array [
                    Object {
                      "id": 1,
                      "text": "Onboarding",
                      "type": "checkbox",
                      "value": "ONBOARDING",
                    },
                    Object {
                      "id": 2,
                      "text": "Offboarding",
                      "type": "checkbox",
                      "value": "OFFBOARDING",
                    },
                  ],
                  "title": "Automation Type",
                },
                "ref": null,
                "rendered": null,
                "type": [Function],
              },
              Object {
                "instance": null,
                "key": "2",
                "nodeType": "class",
                "props": Object {
                  "filterSet": "date",
                  "handleFilterChange": [Function],
                  "options": Array [
                    Object {
                      "id": 1,
                      "text": "From",
                      "type": "date",
                    },
                    Object {
                      "id": 2,
                      "text": "To",
                      "type": "date",
                    },
                  ],
                  "title": "Date",
                },
                "ref": null,
                "rendered": null,
                "type": [Function],
              },
              Object {
                "instance": null,
                "key": undefined,
                "nodeType": "class",
                "props": Object {
                  "handleSearch": [Function],
                },
                "ref": null,
                "rendered": null,
                "type": [Function],
              },
            ],
            "type": "div",
          },
          Object {
            "instance": null,
            "key": undefined,
            "nodeType": "class",
            "props": Object {
              "filters": Object {
                "automationStatus": Array [],
                "automationType": Array [],
                "date": Object {
                  "from": "",
                  "to": "",
                },
                "length": 0,
                "updated": false,
              },
            },
            "ref": null,
            "rendered": null,
            "type": [Function],
          },
          Object {
            "instance": null,
            "key": undefined,
            "nodeType": "host",
            "props": Object {
              "children": <table
                className="report-table"
              >
                <thead>
                  <tr>
                    <th
                      className="numbering"
                    >
                      #
                    </th>
                    <th>
                      Date
                    </th>
                    <th>
                      Fellow Name
                    </th>
                    <th>
                      Partner Name
                    </th>
                    <th>
                      Type
                    </th>
                    <th>
                      Slack
                    </th>
                    <th>
                      Email
                    </th>
                    <th>
                      Freckle
                    </th>
                  </tr>
                </thead>
              </table>,
              "className": "table-header",
            },
            "ref": null,
            "rendered": Object {
              "instance": null,
              "key": undefined,
              "nodeType": "host",
              "props": Object {
                "children": <thead>
                  <tr>
                    <th
                      className="numbering"
                    >
                      #
                    </th>
                    <th>
                      Date
                    </th>
                    <th>
                      Fellow Name
                    </th>
                    <th>
                      Partner Name
                    </th>
                    <th>
                      Type
                    </th>
                    <th>
                      Slack
                    </th>
                    <th>
                      Email
                    </th>
                    <th>
                      Freckle
                    </th>
                  </tr>
                </thead>,
                "className": "report-table",
              },
              "ref": null,
              "rendered": Object {
                "instance": null,
                "key": undefined,
                "nodeType": "host",
                "props": Object {
                  "children": <tr>
                    <th
                      className="numbering"
                    >
                      #
                    </th>
                    <th>
                      Date
                    </th>
                    <th>
                      Fellow Name
                    </th>
                    <th>
                      Partner Name
                    </th>
                    <th>
                      Type
                    </th>
                    <th>
                      Slack
                    </th>
                    <th>
                      Email
                    </th>
                    <th>
                      Freckle
                    </th>
                  </tr>,
                },
                "ref": null,
                "rendered": Object {
                  "instance": null,
                  "key": undefined,
                  "nodeType": "host",
                  "props": Object {
                    "children": Array [
                      <th
                        className="numbering"
                      >
                        #
                      </th>,
                      <th>
                        Date
                      </th>,
                      <th>
                        Fellow Name
                      </th>,
                      <th>
                        Partner Name
                      </th>,
                      <th>
                        Type
                      </th>,
                      <th>
                        Slack
                      </th>,
                      <th>
                        Email
                      </th>,
                      <th>
                        Freckle
                      </th>,
                    ],
                  },
                  "ref": null,
                  "rendered": Array [
                    Object {
                      "instance": null,
                      "key": undefined,
                      "nodeType": "host",
                      "props": Object {
                        "children": "#",
                        "className": "numbering",
                      },
                      "ref": null,
                      "rendered": "#",
                      "type": "th",
                    },
                    Object {
                      "instance": null,
                      "key": undefined,
                      "nodeType": "host",
                      "props": Object {
                        "children": "Date",
                      },
                      "ref": null,
                      "rendered": "Date",
                      "type": "th",
                    },
                    Object {
                      "instance": null,
                      "key": undefined,
                      "nodeType": "host",
                      "props": Object {
                        "children": "Fellow Name",
                      },
                      "ref": null,
                      "rendered": "Fellow Name",
                      "type": "th",
                    },
                    Object {
                      "instance": null,
                      "key": undefined,
                      "nodeType": "host",
                      "props": Object {
                        "children": "Partner Name",
                      },
                      "ref": null,
                      "rendered": "Partner Name",
                      "type": "th",
                    },
                    Object {
                      "instance": null,
                      "key": undefined,
                      "nodeType": "host",
                      "props": Object {
                        "children": "Type",
                      },
                      "ref": null,
                      "rendered": "Type",
                      "type": "th",
                    },
                    Object {
                      "instance": null,
                      "key": undefined,
                      "nodeType": "host",
                      "props": Object {
                        "children": "Slack",
                      },
                      "ref": null,
                      "rendered": "Slack",
                      "type": "th",
                    },
                    Object {
                      "instance": null,
                      "key": undefined,
                      "nodeType": "host",
                      "props": Object {
                        "children": "Email",
                      },
                      "ref": null,
                      "rendered": "Email",
                      "type": "th",
                    },
                    Object {
                      "instance": null,
                      "key": undefined,
                      "nodeType": "host",
                      "props": Object {
                        "children": "Freckle",
                      },
                      "ref": null,
                      "rendered": "Freckle",
                      "type": "th",
                    },
                  ],
                  "type": "tr",
                },
                "type": "thead",
              },
              "type": "table",
            },
            "type": "div",
          },
          Object {
            "instance": null,
            "key": undefined,
            "nodeType": "host",
            "props": Object {
              "children": <Spinner
                isAbsolute={true}
                size="large"
              />,
              "className": "table-body",
            },
            "ref": null,
            "rendered": Object {
              "instance": null,
              "key": undefined,
              "nodeType": "function",
              "props": Object {
                "isAbsolute": true,
                "size": "large",
              },
              "ref": null,
              "rendered": null,
              "type": [Function],
            },
            "type": "div",
          },
          Object {
            "instance": null,
            "key": undefined,
            "nodeType": "class",
            "props": Object {
              "closeModal": [Function],
              "formatDates": [Function],
              "isModalOpen": false,
              "modalContent": Object {},
              "modalType": "",
            },
            "ref": null,
            "rendered": null,
            "type": [Function],
          },
        ],
        "type": "div",
      },
    ],
    "type": "div",
  },
  Symbol(enzyme.__nodes__): Array [
    Object {
      "instance": null,
      "key": undefined,
      "nodeType": "host",
      "props": Object {
        "children": Array [
          <Header
            currentUser={
              Object {
                "additionalUserInfo": Object {
                  "profile": Object {
                    "name": "",
                    "picture": "",
                  },
                },
              }
            }
            history={Object {}}
            removeCurrentUser={[MockFunction]}
          />,
          <div
            id="report-page"
          >
            <div
              className="filter-box"
            >
              <p>
                Filters
              </p>
              <Filter
                filterSet="automationStatus"
                handleFilterChange={[Function]}
                options={
                  Array [
                    Object {
                      "id": 1,
                      "text": "Failed Automations",
                      "type": "checkbox",
                      "value": "FAILED_AUTOMATIONS",
                    },
                    Object {
                      "id": 2,
                      "text": "Successful Automations",
                      "type": "checkbox",
                      "value": "SUCCESSFUL_AUTOMATIONS",
                    },
                    Object {
                      "id": 3,
                      "text": "Failed Slack Automations",
                      "type": "checkbox",
                      "value": "FAILED_SLACK_AUTOMATIONS",
                    },
                    Object {
                      "id": 4,
                      "text": "Failed Email Automation",
                      "type": "checkbox",
                      "value": "FAILED_EMAIL_AUTOMATIONS",
                    },
                    Object {
                      "id": 5,
                      "text": "Failed Freckle Automation",
                      "type": "checkbox",
                      "value": "FAILED_FRECKLE_AUTOMATIONS",
                    },
                    Object {
                      "id": 6,
                      "text": "Successful Slack Automations",
                      "type": "checkbox",
                      "value": "SUCCESSFUL_SLACK_AUTOMATIONS",
                    },
                    Object {
                      "id": 7,
                      "text": "Successful Email Automation",
                      "type": "checkbox",
                      "value": "SUCCESSFUL_EMAIL_AUTOMATIONS",
                    },
                    Object {
                      "id": 8,
                      "text": "Successful Freckle Automation",
                      "type": "checkbox",
                      "value": "SUCCESSFUL_FRECKLE_AUTOMATIONS",
                    },
                  ]
                }
                title="Automation Status"
              />
              <Filter
                filterSet="automationType"
                handleFilterChange={[Function]}
                options={
                  Array [
                    Object {
                      "id": 1,
                      "text": "Onboarding",
                      "type": "checkbox",
                      "value": "ONBOARDING",
                    },
                    Object {
                      "id": 2,
                      "text": "Offboarding",
                      "type": "checkbox",
                      "value": "OFFBOARDING",
                    },
                  ]
                }
                title="Automation Type"
              />
              <Filter
                filterSet="date"
                handleFilterChange={[Function]}
                options={
                  Array [
                    Object {
                      "id": 1,
                      "text": "From",
                      "type": "date",
                    },
                    Object {
                      "id": 2,
                      "text": "To",
                      "type": "date",
                    },
                  ]
                }
                title="Date"
              />
              <Search
                handleSearch={[Function]}
              />
            </div>
            <FiltersBar
              filters={
                Object {
                  "automationStatus": Array [],
                  "automationType": Array [],
                  "date": Object {
                    "from": "",
                    "to": "",
                  },
                  "length": 0,
                  "updated": false,
                }
              }
            />
            <div
              className="table-header"
            >
              <table
                className="report-table"
              >
                <thead>
                  <tr>
                    <th
                      className="numbering"
                    >
                      #
                    </th>
                    <th>
                      Date
                    </th>
                    <th>
                      Fellow Name
                    </th>
                    <th>
                      Partner Name
                    </th>
                    <th>
                      Type
                    </th>
                    <th>
                      Slack
                    </th>
                    <th>
                      Email
                    </th>
                    <th>
                      Freckle
                    </th>
                  </tr>
                </thead>
              </table>
            </div>
            <div
              className="table-body"
            >
              <Spinner
                isAbsolute={true}
                size="large"
              />
            </div>
            <AutomationDetails
              closeModal={[Function]}
              formatDates={[Function]}
              isModalOpen={false}
              modalContent={Object {}}
              modalType=""
            />
          </div>,
        ],
      },
      "ref": null,
      "rendered": Array [
        Object {
          "instance": null,
          "key": undefined,
          "nodeType": "class",
          "props": Object {
            "currentUser": Object {
              "additionalUserInfo": Object {
                "profile": Object {
                  "name": "",
                  "picture": "",
                },
              },
            },
            "history": Object {},
            "removeCurrentUser": [MockFunction],
          },
          "ref": null,
          "rendered": null,
          "type": [Function],
        },
        Object {
          "instance": null,
          "key": undefined,
          "nodeType": "host",
          "props": Object {
            "children": Array [
              <div
                className="filter-box"
              >
                <p>
                  Filters
                </p>
                <Filter
                  filterSet="automationStatus"
                  handleFilterChange={[Function]}
                  options={
                    Array [
                      Object {
                        "id": 1,
                        "text": "Failed Automations",
                        "type": "checkbox",
                        "value": "FAILED_AUTOMATIONS",
                      },
                      Object {
                        "id": 2,
                        "text": "Successful Automations",
                        "type": "checkbox",
                        "value": "SUCCESSFUL_AUTOMATIONS",
                      },
                      Object {
                        "id": 3,
                        "text": "Failed Slack Automations",
                        "type": "checkbox",
                        "value": "FAILED_SLACK_AUTOMATIONS",
                      },
                      Object {
                        "id": 4,
                        "text": "Failed Email Automation",
                        "type": "checkbox",
                        "value": "FAILED_EMAIL_AUTOMATIONS",
                      },
                      Object {
                        "id": 5,
                        "text": "Failed Freckle Automation",
                        "type": "checkbox",
                        "value": "FAILED_FRECKLE_AUTOMATIONS",
                      },
                      Object {
                        "id": 6,
                        "text": "Successful Slack Automations",
                        "type": "checkbox",
                        "value": "SUCCESSFUL_SLACK_AUTOMATIONS",
                      },
                      Object {
                        "id": 7,
                        "text": "Successful Email Automation",
                        "type": "checkbox",
                        "value": "SUCCESSFUL_EMAIL_AUTOMATIONS",
                      },
                      Object {
                        "id": 8,
                        "text": "Successful Freckle Automation",
                        "type": "checkbox",
                        "value": "SUCCESSFUL_FRECKLE_AUTOMATIONS",
                      },
                    ]
                  }
                  title="Automation Status"
                />
                <Filter
                  filterSet="automationType"
                  handleFilterChange={[Function]}
                  options={
                    Array [
                      Object {
                        "id": 1,
                        "text": "Onboarding",
                        "type": "checkbox",
                        "value": "ONBOARDING",
                      },
                      Object {
                        "id": 2,
                        "text": "Offboarding",
                        "type": "checkbox",
                        "value": "OFFBOARDING",
                      },
                    ]
                  }
                  title="Automation Type"
                />
                <Filter
                  filterSet="date"
                  handleFilterChange={[Function]}
                  options={
                    Array [
                      Object {
                        "id": 1,
                        "text": "From",
                        "type": "date",
                      },
                      Object {
                        "id": 2,
                        "text": "To",
                        "type": "date",
                      },
                    ]
                  }
                  title="Date"
                />
                <Search
                  handleSearch={[Function]}
                />
              </div>,
              <FiltersBar
                filters={
                  Object {
                    "automationStatus": Array [],
                    "automationType": Array [],
                    "date": Object {
                      "from": "",
                      "to": "",
                    },
                    "length": 0,
                    "updated": false,
                  }
                }
              />,
              <div
                className="table-header"
              >
                <table
                  className="report-table"
                >
                  <thead>
                    <tr>
                      <th
                        className="numbering"
                      >
                        #
                      </th>
                      <th>
                        Date
                      </th>
                      <th>
                        Fellow Name
                      </th>
                      <th>
                        Partner Name
                      </th>
                      <th>
                        Type
                      </th>
                      <th>
                        Slack
                      </th>
                      <th>
                        Email
                      </th>
                      <th>
                        Freckle
                      </th>
                    </tr>
                  </thead>
                </table>
              </div>,
              <div
                className="table-body"
              >
                <Spinner
                  isAbsolute={true}
                  size="large"
                />
              </div>,
              <AutomationDetails
                closeModal={[Function]}
                formatDates={[Function]}
                isModalOpen={false}
                modalContent={Object {}}
                modalType=""
              />,
            ],
            "id": "report-page",
          },
          "ref": null,
          "rendered": Array [
            Object {
              "instance": null,
              "key": undefined,
              "nodeType": "host",
              "props": Object {
                "children": Array [
                  <p>
                    Filters
                  </p>,
                  Array [
                    <Filter
                      filterSet="automationStatus"
                      handleFilterChange={[Function]}
                      options={
                        Array [
                          Object {
                            "id": 1,
                            "text": "Failed Automations",
                            "type": "checkbox",
                            "value": "FAILED_AUTOMATIONS",
                          },
                          Object {
                            "id": 2,
                            "text": "Successful Automations",
                            "type": "checkbox",
                            "value": "SUCCESSFUL_AUTOMATIONS",
                          },
                          Object {
                            "id": 3,
                            "text": "Failed Slack Automations",
                            "type": "checkbox",
                            "value": "FAILED_SLACK_AUTOMATIONS",
                          },
                          Object {
                            "id": 4,
                            "text": "Failed Email Automation",
                            "type": "checkbox",
                            "value": "FAILED_EMAIL_AUTOMATIONS",
                          },
                          Object {
                            "id": 5,
                            "text": "Failed Freckle Automation",
                            "type": "checkbox",
                            "value": "FAILED_FRECKLE_AUTOMATIONS",
                          },
                          Object {
                            "id": 6,
                            "text": "Successful Slack Automations",
                            "type": "checkbox",
                            "value": "SUCCESSFUL_SLACK_AUTOMATIONS",
                          },
                          Object {
                            "id": 7,
                            "text": "Successful Email Automation",
                            "type": "checkbox",
                            "value": "SUCCESSFUL_EMAIL_AUTOMATIONS",
                          },
                          Object {
                            "id": 8,
                            "text": "Successful Freckle Automation",
                            "type": "checkbox",
                            "value": "SUCCESSFUL_FRECKLE_AUTOMATIONS",
                          },
                        ]
                      }
                      title="Automation Status"
                    />,
                    <Filter
                      filterSet="automationType"
                      handleFilterChange={[Function]}
                      options={
                        Array [
                          Object {
                            "id": 1,
                            "text": "Onboarding",
                            "type": "checkbox",
                            "value": "ONBOARDING",
                          },
                          Object {
                            "id": 2,
                            "text": "Offboarding",
                            "type": "checkbox",
                            "value": "OFFBOARDING",
                          },
                        ]
                      }
                      title="Automation Type"
                    />,
                    <Filter
                      filterSet="date"
                      handleFilterChange={[Function]}
                      options={
                        Array [
                          Object {
                            "id": 1,
                            "text": "From",
                            "type": "date",
                          },
                          Object {
                            "id": 2,
                            "text": "To",
                            "type": "date",
                          },
                        ]
                      }
                      title="Date"
                    />,
                  ],
                  <Search
                    handleSearch={[Function]}
                  />,
                ],
                "className": "filter-box",
              },
              "ref": null,
              "rendered": Array [
                Object {
                  "instance": null,
                  "key": undefined,
                  "nodeType": "host",
                  "props": Object {
                    "children": "Filters",
                  },
                  "ref": null,
                  "rendered": "Filters",
                  "type": "p",
                },
                Object {
                  "instance": null,
                  "key": "1",
                  "nodeType": "class",
                  "props": Object {
                    "filterSet": "automationStatus",
                    "handleFilterChange": [Function],
                    "options": Array [
                      Object {
                        "id": 1,
                        "text": "Failed Automations",
                        "type": "checkbox",
                        "value": "FAILED_AUTOMATIONS",
                      },
                      Object {
                        "id": 2,
                        "text": "Successful Automations",
                        "type": "checkbox",
                        "value": "SUCCESSFUL_AUTOMATIONS",
                      },
                      Object {
                        "id": 3,
                        "text": "Failed Slack Automations",
                        "type": "checkbox",
                        "value": "FAILED_SLACK_AUTOMATIONS",
                      },
                      Object {
                        "id": 4,
                        "text": "Failed Email Automation",
                        "type": "checkbox",
                        "value": "FAILED_EMAIL_AUTOMATIONS",
                      },
                      Object {
                        "id": 5,
                        "text": "Failed Freckle Automation",
                        "type": "checkbox",
                        "value": "FAILED_FRECKLE_AUTOMATIONS",
                      },
                      Object {
                        "id": 6,
                        "text": "Successful Slack Automations",
                        "type": "checkbox",
                        "value": "SUCCESSFUL_SLACK_AUTOMATIONS",
                      },
                      Object {
                        "id": 7,
                        "text": "Successful Email Automation",
                        "type": "checkbox",
                        "value": "SUCCESSFUL_EMAIL_AUTOMATIONS",
                      },
                      Object {
                        "id": 8,
                        "text": "Successful Freckle Automation",
                        "type": "checkbox",
                        "value": "SUCCESSFUL_FRECKLE_AUTOMATIONS",
                      },
                    ],
                    "title": "Automation Status",
                  },
                  "ref": null,
                  "rendered": null,
                  "type": [Function],
                },
                Object {
                  "instance": null,
                  "key": "3",
                  "nodeType": "class",
                  "props": Object {
                    "filterSet": "automationType",
                    "handleFilterChange": [Function],
                    "options": Array [
                      Object {
                        "id": 1,
                        "text": "Onboarding",
                        "type": "checkbox",
                        "value": "ONBOARDING",
                      },
                      Object {
                        "id": 2,
                        "text": "Offboarding",
                        "type": "checkbox",
                        "value": "OFFBOARDING",
                      },
                    ],
                    "title": "Automation Type",
                  },
                  "ref": null,
                  "rendered": null,
                  "type": [Function],
                },
                Object {
                  "instance": null,
                  "key": "2",
                  "nodeType": "class",
                  "props": Object {
                    "filterSet": "date",
                    "handleFilterChange": [Function],
                    "options": Array [
                      Object {
                        "id": 1,
                        "text": "From",
                        "type": "date",
                      },
                      Object {
                        "id": 2,
                        "text": "To",
                        "type": "date",
                      },
                    ],
                    "title": "Date",
                  },
                  "ref": null,
                  "rendered": null,
                  "type": [Function],
                },
                Object {
                  "instance": null,
                  "key": undefined,
                  "nodeType": "class",
                  "props": Object {
                    "handleSearch": [Function],
                  },
                  "ref": null,
                  "rendered": null,
                  "type": [Function],
                },
              ],
              "type": "div",
            },
            Object {
              "instance": null,
              "key": undefined,
              "nodeType": "class",
              "props": Object {
                "filters": Object {
                  "automationStatus": Array [],
                  "automationType": Array [],
                  "date": Object {
                    "from": "",
                    "to": "",
                  },
                  "length": 0,
                  "updated": false,
                },
              },
              "ref": null,
              "rendered": null,
              "type": [Function],
            },
            Object {
              "instance": null,
              "key": undefined,
              "nodeType": "host",
              "props": Object {
                "children": <table
                  className="report-table"
                >
                  <thead>
                    <tr>
                      <th
                        className="numbering"
                      >
                        #
                      </th>
                      <th>
                        Date
                      </th>
                      <th>
                        Fellow Name
                      </th>
                      <th>
                        Partner Name
                      </th>
                      <th>
                        Type
                      </th>
                      <th>
                        Slack
                      </th>
                      <th>
                        Email
                      </th>
                      <th>
                        Freckle
                      </th>
                    </tr>
                  </thead>
                </table>,
                "className": "table-header",
              },
              "ref": null,
              "rendered": Object {
                "instance": null,
                "key": undefined,
                "nodeType": "host",
                "props": Object {
                  "children": <thead>
                    <tr>
                      <th
                        className="numbering"
                      >
                        #
                      </th>
                      <th>
                        Date
                      </th>
                      <th>
                        Fellow Name
                      </th>
                      <th>
                        Partner Name
                      </th>
                      <th>
                        Type
                      </th>
                      <th>
                        Slack
                      </th>
                      <th>
                        Email
                      </th>
                      <th>
                        Freckle
                      </th>
                    </tr>
                  </thead>,
                  "className": "report-table",
                },
                "ref": null,
                "rendered": Object {
                  "instance": null,
                  "key": undefined,
                  "nodeType": "host",
                  "props": Object {
                    "children": <tr>
                      <th
                        className="numbering"
                      >
                        #
                      </th>
                      <th>
                        Date
                      </th>
                      <th>
                        Fellow Name
                      </th>
                      <th>
                        Partner Name
                      </th>
                      <th>
                        Type
                      </th>
                      <th>
                        Slack
                      </th>
                      <th>
                        Email
                      </th>
                      <th>
                        Freckle
                      </th>
                    </tr>,
                  },
                  "ref": null,
                  "rendered": Object {
                    "instance": null,
                    "key": undefined,
                    "nodeType": "host",
                    "props": Object {
                      "children": Array [
                        <th
                          className="numbering"
                        >
                          #
                        </th>,
                        <th>
                          Date
                        </th>,
                        <th>
                          Fellow Name
                        </th>,
                        <th>
                          Partner Name
                        </th>,
                        <th>
                          Type
                        </th>,
                        <th>
                          Slack
                        </th>,
                        <th>
                          Email
                        </th>,
                        <th>
                          Freckle
                        </th>,
                      ],
                    },
                    "ref": null,
                    "rendered": Array [
                      Object {
                        "instance": null,
                        "key": undefined,
                        "nodeType": "host",
                        "props": Object {
                          "children": "#",
                          "className": "numbering",
                        },
                        "ref": null,
                        "rendered": "#",
                        "type": "th",
                      },
                      Object {
                        "instance": null,
                        "key": undefined,
                        "nodeType": "host",
                        "props": Object {
                          "children": "Date",
                        },
                        "ref": null,
                        "rendered": "Date",
                        "type": "th",
                      },
                      Object {
                        "instance": null,
                        "key": undefined,
                        "nodeType": "host",
                        "props": Object {
                          "children": "Fellow Name",
                        },
                        "ref": null,
                        "rendered": "Fellow Name",
                        "type": "th",
                      },
                      Object {
                        "instance": null,
                        "key": undefined,
                        "nodeType": "host",
                        "props": Object {
                          "children": "Partner Name",
                        },
                        "ref": null,
                        "rendered": "Partner Name",
                        "type": "th",
                      },
                      Object {
                        "instance": null,
                        "key": undefined,
                        "nodeType": "host",
                        "props": Object {
                          "children": "Type",
                        },
                        "ref": null,
                        "rendered": "Type",
                        "type": "th",
                      },
                      Object {
                        "instance": null,
                        "key": undefined,
                        "nodeType": "host",
                        "props": Object {
                          "children": "Slack",
                        },
                        "ref": null,
                        "rendered": "Slack",
                        "type": "th",
                      },
                      Object {
                        "instance": null,
                        "key": undefined,
                        "nodeType": "host",
                        "props": Object {
                          "children": "Email",
                        },
                        "ref": null,
                        "rendered": "Email",
                        "type": "th",
                      },
                      Object {
                        "instance": null,
                        "key": undefined,
                        "nodeType": "host",
                        "props": Object {
                          "children": "Freckle",
                        },
                        "ref": null,
                        "rendered": "Freckle",
                        "type": "th",
                      },
                    ],
                    "type": "tr",
                  },
                  "type": "thead",
                },
                "type": "table",
              },
              "type": "div",
            },
            Object {
              "instance": null,
              "key": undefined,
              "nodeType": "host",
              "props": Object {
                "children": <Spinner
                  isAbsolute={true}
                  size="large"
                />,
                "className": "table-body",
              },
              "ref": null,
              "rendered": Object {
                "instance": null,
                "key": undefined,
                "nodeType": "function",
                "props": Object {
                  "isAbsolute": true,
                  "size": "large",
                },
                "ref": null,
                "rendered": null,
                "type": [Function],
              },
              "type": "div",
            },
            Object {
              "instance": null,
              "key": undefined,
              "nodeType": "class",
              "props": Object {
                "closeModal": [Function],
                "formatDates": [Function],
                "isModalOpen": false,
                "modalContent": Object {},
                "modalType": "",
              },
              "ref": null,
              "rendered": null,
              "type": [Function],
            },
          ],
          "type": "div",
        },
      ],
      "type": "div",
    },
  ],
  Symbol(enzyme.__options__): Object {
    "adapter": ReactSixteenAdapter {
      "options": Object {
        "enableComponentDidUpdateOnSetState": true,
        "legacyContextMode": "parent",
        "lifecycles": Object {
          "componentDidUpdate": Object {
            "onSetState": true,
          },
          "getChildContext": Object {
            "calledByRenderer": false,
          },
          "getDerivedStateFromProps": true,
          "getSnapshotBeforeUpdate": true,
          "setState": Object {
            "skipsComponentDidUpdateOnNullish": true,
          },
        },
      },
    },
  },
}
`;
